Using pre-set license
Built from '6000.0/staging' branch; Version is '6000.0.60f1 (f02d6f9f9009) revision 15740271'; Using compiler version '193933523'; Build Type 'Release'
OS: 'Windows 11  (10.0.26200) 64bit Professional' Language: 'ru' Physical Memory: 32090 MB
BatchMode: 1, IsHumanControllingUs: 0, StartBugReporterOnCrash: 0, Is64bit: 1
Date: 2026-08-09T15:00:19Z

COMMAND LINE ARGUMENTS:
C:\Program Files\Unity\Hub\Editor\6000.0.60f1\Editor\Unity.exe
-adb2
-batchMode
-noUpm
-name
AssetImportWorker2
-projectPath
C:/Users/step2/Desktop/Walk to biome
-logFile
Logs/AssetImportWorker2.log
-srvPort
52701
-job-worker-count
5
-background-job-worker-count
8
-gc-helper-count
1
-name
AssetImport
Successfully changed project path to: C:/Users/step2/Desktop/Walk to biome
C:/Users/step2/Desktop/Walk to biome
[UnityMemory] Configuration Parameters - Can be set up in boot.config
    "memorysetup-bucket-allocator-granularity=16"
    "memorysetup-bucket-allocator-bucket-count=8"
    "memorysetup-bucket-allocator-block-size=33554432"
    "memorysetup-bucket-allocator-block-count=8"
    "memorysetup-main-allocator-block-size=16777216"
    "memorysetup-thread-allocator-block-size=16777216"
    "memorysetup-gfx-main-allocator-block-size=16777216"
    "memorysetup-gfx-thread-allocator-block-size=16777216"
    "memorysetup-cache-allocator-block-size=4194304"
    "memorysetup-typetree-allocator-block-size=2097152"
    "memorysetup-profiler-bucket-allocator-granularity=16"
    "memorysetup-profiler-bucket-allocator-bucket-count=8"
    "memorysetup-profiler-bucket-allocator-block-size=33554432"
    "memorysetup-profiler-bucket-allocator-block-count=8"
    "memorysetup-profiler-allocator-block-size=16777216"
    "memorysetup-profiler-editor-allocator-block-size=1048576"
    "memorysetup-temp-allocator-size-main=16777216"
    "memorysetup-job-temp-allocator-block-size=2097152"
    "memorysetup-job-temp-allocator-block-size-background=1048576"
    "memorysetup-job-temp-allocator-reduction-small-platforms=262144"
    "memorysetup-allocator-temp-initial-block-size-main=262144"
    "memorysetup-allocator-temp-initial-block-size-worker=262144"
    "memorysetup-temp-allocator-size-background-worker=32768"
    "memorysetup-temp-allocator-size-job-worker=262144"
    "memorysetup-temp-allocator-size-preload-manager=33554432"
    "memorysetup-temp-allocator-size-nav-mesh-worker=65536"
    "memorysetup-temp-allocator-size-audio-worker=65536"
    "memorysetup-temp-allocator-size-cloud-worker=32768"
    "memorysetup-temp-allocator-size-gi-baking-worker=262144"
    "memorysetup-temp-allocator-size-gi-baking-worker=262144"
    "memorysetup-temp-allocator-size-gi-baking-worker=262144"
    "memorysetup-temp-allocator-size-gi-baking-worker=262144"
    "memorysetup-temp-allocator-size-gi-baking-worker=262144"
    "memorysetup-temp-allocator-size-gfx=262144"
Player connection [20280]  Target information:

Player connection [20280]  * "[IP] 192.168.0.16 [Port] 0 [Flags] 2 [Guid] 392245126 [EditorId] 392245126 [Version] 1048832 [Id] WindowsEditor(7,step) [Debug] 1 [PackageName] WindowsEditor [ProjectName] Editor" 

Player connection [20280]  * "[IP] 26.183.195.198 [Port] 0 [Flags] 2 [Guid] 392245126 [EditorId] 392245126 [Version] 1048832 [Id] WindowsEditor(7,step) [Debug] 1 [PackageName] WindowsEditor [ProjectName] Editor" 

Player connection [20280]  * "[IP] 198.18.0.1 [Port] 0 [Flags] 2 [Guid] 392245126 [EditorId] 392245126 [Version] 1048832 [Id] WindowsEditor(7,step) [Debug] 1 [PackageName] WindowsEditor [ProjectName] Editor" 

Player connection [20280] Host joined multi-casting on [225.0.0.222:54997]...
Player connection [20280] Host joined alternative multi-casting on [225.0.0.222:34997]...
JobSystem: Creating JobQueue using job-worker-count value 5
Input System module state changed to: Initialized.
[Physics::Module] Initialized fallback backend.
[Physics::Module] Id: 0xdecafbad
Library Redirect Path: Library/
[Physics::Module] Selected backend.
[Physics::Module] Name: PhysX
[Physics::Module] Id: 0xf2b8ea05
[Physics::Module] SDK Version: 4.1.2
[Physics::Module] Integration Version: 1.0.0
[Physics::Module] Threading Mode: Multi-Threaded
Refreshing native plugins compatible for Editor in 178.09 ms, found 3 plugins.
Preloading 0 native plugins for Editor in 0.00 ms.
Initialize engine version: 6000.0.60f1 (f02d6f9f9009)
[Subsystems] Discovering subsystems at path C:/Program Files/Unity/Hub/Editor/6000.0.60f1/Editor/Data/Resources/UnitySubsystems
[Subsystems] Discovering subsystems at path C:/Users/step2/Desktop/Walk to biome/Assets
GfxDevice: creating device client; kGfxThreadingModeNonThreaded
Direct3D:
    Version:  Direct3D 11.0 [level 11.1]
    Renderer: NVIDIA GeForce GTX 1650 (ID=0x1f9d)
    Vendor:   NVIDIA
    VRAM:     3935 MB
    Driver:   32.0.16.1062
Initialize mono
Mono path[0] = 'C:/Program Files/Unity/Hub/Editor/6000.0.60f1/Editor/Data/Managed'
Mono path[1] = 'C:/Program Files/Unity/Hub/Editor/6000.0.60f1/Editor/Data/MonoBleedingEdge/lib/mono/unityjit-win32'
Mono config path = 'C:/Program Files/Unity/Hub/Editor/6000.0.60f1/Editor/Data/MonoBleedingEdge/etc'
Using monoOptions --debugger-agent=transport=dt_socket,embedding=1,server=y,suspend=n,address=127.0.0.1:56808
Begin MonoManager ReloadAssembly
Registering precompiled unity dll's ...
Register platform support module: C:/Program Files/Unity/Hub/Editor/6000.0.60f1/Editor/Data/PlaybackEngines/WindowsStandaloneSupport/UnityEditor.WindowsStandalone.Extensions.dll
Register platform support module: C:/Program Files/Unity/Hub/Editor/6000.0.60f1/Editor/Data/PlaybackEngines/AndroidPlayer/UnityEditor.Android.Extensions.dll
Register platform support module: C:/Program Files/Unity/Hub/Editor/6000.0.60f1/Editor/Data/PlaybackEngines/iOSSupport/UnityEditor.iOS.Extensions.dll
Registered in 0.637404 seconds.
- Loaded All Assemblies, in  4.024 seconds
[usbmuxd] Start listen thread
[usbmuxd] Listen thread started
[usbmuxd] Send listen message
Native extension for iOS target not found
Native extension for Android target not found
Android Extension - Scanning For ADB Devices 300 ms
Native extension for WindowsStandalone target not found
Mono: successfully reloaded assembly
- Finished resetting the current domain, in  0.798 seconds
Domain Reload Profiling: 4818ms
	BeginReloadAssembly (648ms)
		ExecutionOrderSort (0ms)
		DisableScriptedObjects (0ms)
		BackupInstance (0ms)
		ReleaseScriptingObjects (0ms)
		CreateAndSetChildDomain (1ms)
	RebuildCommonClasses (827ms)
	RebuildNativeTypeToScriptingClass (18ms)
	initialDomainReloadingComplete (707ms)
	LoadAllAssembliesAndSetupDomain (1820ms)
		LoadAssemblies (662ms)
		RebuildTransferFunctionScriptingTraits (0ms)
		AnalyzeDomain (1794ms)
			TypeCache.Refresh (1792ms)
				TypeCache.ScanAssembly (1256ms)
			BuildScriptInfoCaches (0ms)
			ResolveRequiredComponents (1ms)
	FinalizeReload (799ms)
		ReleaseScriptCaches (0ms)
		RebuildScriptCaches (0ms)
		SetupLoadedEditorAssemblies (749ms)
			LogAssemblyErrors (0ms)
			InitializePlatformSupportModulesInManaged (423ms)
			SetLoadedEditorAssemblies (7ms)
			BeforeProcessingInitializeOnLoad (82ms)
			ProcessInitializeOnLoadAttributes (162ms)
			ProcessInitializeOnLoadMethodAttributes (75ms)
			AfterProcessingInitializeOnLoad (0ms)
			EditorAssembliesLoaded (0ms)
		ExecutionOrderSort2 (0ms)
		AwakeInstancesAfterBackupRestoration (0ms)
========================================================================
Worker process is ready to serve import requests
Import Worker Mode flag is 0x00
Begin MonoManager ReloadAssembly
- Loaded All Assemblies, in 10.882 seconds
Refreshing native plugins compatible for Editor in 1.61 ms, found 3 plugins.
Native extension for iOS target not found
Native extension for Android target not found
Native extension for WindowsStandalone target not found
Package Manager log level set to [2]
[Package Manager] Failed to launch server process. Reason: Unity was launched with the -noUpm command-line argument
[Package Manager] Unable to send message (not connected to server process).
[Package Manager] Cannot connect to Unity Package Manager local server
Mono: successfully reloaded assembly
- Finished resetting the current domain, in  0.962 seconds
Domain Reload Profiling: 11837ms
	BeginReloadAssembly (298ms)
		ExecutionOrderSort (0ms)
		DisableScriptedObjects (9ms)
		BackupInstance (0ms)
		ReleaseScriptingObjects (0ms)
		CreateAndSetChildDomain (54ms)
	RebuildCommonClasses (74ms)
	RebuildNativeTypeToScriptingClass (18ms)
	initialDomainReloadingComplete (61ms)
	LoadAllAssembliesAndSetupDomain (10423ms)
		LoadAssemblies (9518ms)
		RebuildTransferFunctionScriptingTraits (0ms)
		AnalyzeDomain (1068ms)
			TypeCache.Refresh (1022ms)
				TypeCache.ScanAssembly (1003ms)
			BuildScriptInfoCaches (37ms)
			ResolveRequiredComponents (5ms)
	FinalizeReload (962ms)
		ReleaseScriptCaches (0ms)
		RebuildScriptCaches (0ms)
		SetupLoadedEditorAssemblies (827ms)
			LogAssemblyErrors (0ms)
			InitializePlatformSupportModulesInManaged (22ms)
			SetLoadedEditorAssemblies (10ms)
			BeforeProcessingInitializeOnLoad (239ms)
			ProcessInitializeOnLoadAttributes (508ms)
			ProcessInitializeOnLoadMethodAttributes (36ms)
			AfterProcessingInitializeOnLoad (11ms)
			EditorAssembliesLoaded (0ms)
		ExecutionOrderSort2 (0ms)
		AwakeInstancesAfterBackupRestoration (8ms)
Launched and connected shader compiler UnityShaderCompiler.exe after 0.05 seconds
Refreshing native plugins compatible for Editor in 2.38 ms, found 3 plugins.
Preloading 0 native plugins for Editor in 0.00 ms.
Unloading 0 Unused Serialized files (Serialized files now loaded: 0)
Unloading 3951 unused Assets / (0.8 MB). Loaded Objects now: 4460.
Memory consumption went from 95.3 MB to 94.4 MB.
Total: 8.776900 ms (FindLiveObjects: 0.640300 ms CreateObjectMapping: 0.283200 ms MarkObjects: 6.088900 ms  DeleteObjects: 1.762200 ms)

========================================================================
Received Import Request.
  Time since last request: 204561.680279 seconds.
  path: Assets/models/items/stone.fbx
  artifactKey: Guid(97274a67e3f6cc5448f513d4a67bff3f) Importer(815301076,1909f56bfc062723c751e8b465ee728b)
Start importing Assets/models/items/stone.fbx using Guid(97274a67e3f6cc5448f513d4a67bff3f) Importer(815301076,1909f56bfc062723c751e8b465ee728b) (PreviewImporter) -> (artifact id: '889cf4d6ea3cb13300eafc99a04d7555') in 0.242412 seconds
Number of updated asset objects reloaded before import = 0Number of asset objects unloaded after import = 30

========================================================================
Received Import Request.
  Time since last request: 0.702534 seconds.
  path: Assets/models/items/stone.fbx
  artifactKey: Guid(97274a67e3f6cc5448f513d4a67bff3f) Importer(2089858483,192608db42251d675da83286b1cce702)
Start importing Assets/models/items/stone.fbx using Guid(97274a67e3f6cc5448f513d4a67bff3f) Importer(2089858483,192608db42251d675da83286b1cce702) (ScriptedImporter) -> (artifact id: '29fe19837c8f2488509ba11118b32277') in 0.1971882 seconds
Number of updated asset objects reloaded before import = 0Number of asset objects unloaded after import = 30

========================================================================
Received Import Request.
  Time since last request: 25.476497 seconds.
  path: Assets/models/items/stone.fbx
  artifactKey: Guid(97274a67e3f6cc5448f513d4a67bff3f) Importer(815301076,1909f56bfc062723c751e8b465ee728b)
Start importing Assets/models/items/stone.fbx using Guid(97274a67e3f6cc5448f513d4a67bff3f) Importer(815301076,1909f56bfc062723c751e8b465ee728b) (PreviewImporter) -> (artifact id: '1bfc6c9edba5f9aece57e88c87e3b674') in 0.077174 seconds
Number of updated asset objects reloaded before import = 0Number of asset objects unloaded after import = 30

========================================================================
Received Prepare
Begin MonoManager ReloadAssembly
- Loaded All Assemblies, in  0.893 seconds
Refreshing native plugins compatible for Editor in 1.42 ms, found 3 plugins.
Native extension for iOS target not found
Native extension for Android target not found
Native extension for WindowsStandalone target not found
[Package Manager] Failed to launch server process. Reason: Unity was launched with the -noUpm command-line argument
[Package Manager] Unable to send message (not connected to server process).
[Package Manager] Cannot connect to Unity Package Manager local server
Mono: successfully reloaded assembly
- Finished resetting the current domain, in  0.885 seconds
Domain Reload Profiling: 1773ms
	BeginReloadAssembly (241ms)
		ExecutionOrderSort (0ms)
		DisableScriptedObjects (6ms)
		BackupInstance (0ms)
		ReleaseScriptingObjects (0ms)
		CreateAndSetChildDomain (61ms)
	RebuildCommonClasses (43ms)
	RebuildNativeTypeToScriptingClass (14ms)
	initialDomainReloadingComplete (45ms)
	LoadAllAssembliesAndSetupDomain (545ms)
		LoadAssemblies (467ms)
		RebuildTransferFunctionScriptingTraits (0ms)
		AnalyzeDomain (193ms)
			TypeCache.Refresh (7ms)
				TypeCache.ScanAssembly (0ms)
			BuildScriptInfoCaches (177ms)
			ResolveRequiredComponents (6ms)
	FinalizeReload (886ms)
		ReleaseScriptCaches (0ms)
		RebuildScriptCaches (0ms)
		SetupLoadedEditorAssemblies (737ms)
			LogAssemblyErrors (0ms)
			InitializePlatformSupportModulesInManaged (23ms)
			SetLoadedEditorAssemblies (9ms)
			BeforeProcessingInitializeOnLoad (205ms)
			ProcessInitializeOnLoadAttributes (459ms)
			ProcessInitializeOnLoadMethodAttributes (31ms)
			AfterProcessingInitializeOnLoad (8ms)
			EditorAssembliesLoaded (0ms)
		ExecutionOrderSort2 (0ms)
		AwakeInstancesAfterBackupRestoration (7ms)
Refreshing native plugins compatible for Editor in 1.73 ms, found 3 plugins.
Preloading 0 native plugins for Editor in 0.00 ms.
Unloading 0 Unused Serialized files (Serialized files now loaded: 0)
Unloading 3949 unused Assets / (1.3 MB). Loaded Objects now: 4507.
Memory consumption went from 101.1 MB to 99.8 MB.
Total: 8.058900 ms (FindLiveObjects: 0.734500 ms CreateObjectMapping: 0.532700 ms MarkObjects: 5.057200 ms  DeleteObjects: 1.731400 ms)

Prepare: number of updated asset objects reloaded= 0
========================================================================
Received Import Request.
  Time since last request: 79.784652 seconds.
  path: Assets/prefabs/items/cooper_ingot_model.prefab
  artifactKey: Guid(a2f036f7f9e327b419ab2ff7cd94e226) Importer(815301076,1909f56bfc062723c751e8b465ee728b)
Start importing Assets/prefabs/items/cooper_ingot_model.prefab using Guid(a2f036f7f9e327b419ab2ff7cd94e226) Importer(815301076,1909f56bfc062723c751e8b465ee728b) (PreviewImporter) -> (artifact id: 'e902288c3c129449e0b1ddb5c4ff9bcc') in 0.1156198 seconds
Number of updated asset objects reloaded before import = 0Number of asset objects unloaded after import = 7

========================================================================
Received Import Request.
  Time since last request: 0.000040 seconds.
  path: Assets/prefabs/items/iron_ingot_model.prefab
  artifactKey: Guid(4c81ac3d419e4a146ab63d72629b625e) Importer(815301076,1909f56bfc062723c751e8b465ee728b)
Start importing Assets/prefabs/items/iron_ingot_model.prefab using Guid(4c81ac3d419e4a146ab63d72629b625e) Importer(815301076,1909f56bfc062723c751e8b465ee728b) (PreviewImporter) -> (artifact id: '9cbb151a9448f72120b1479fc16e452c') in 0.0208709 seconds
Number of updated asset objects reloaded before import = 0Number of asset objects unloaded after import = 7

========================================================================
Received Import Request.
  Time since last request: 39.962524 seconds.
  path: Assets/prefabs/items/coal.fbx
  artifactKey: Guid(e6503e078fae0c44cbffd1ae9611a36e) Importer(815301076,1909f56bfc062723c751e8b465ee728b)
Start importing Assets/prefabs/items/coal.fbx using Guid(e6503e078fae0c44cbffd1ae9611a36e) Importer(815301076,1909f56bfc062723c751e8b465ee728b) (PreviewImporter) -> (artifact id: '658a1b6392dfc88d913d00080736c0b7') in 0.1259976 seconds
Number of updated asset objects reloaded before import = 0Number of asset objects unloaded after import = 30

========================================================================
Received Import Request.
  Time since last request: 0.000035 seconds.
  path: Assets/prefabs/items/logs.fbx
  artifactKey: Guid(921552290bcd63a4d85302711c80f0c5) Importer(815301076,1909f56bfc062723c751e8b465ee728b)
Start importing Assets/prefabs/items/logs.fbx using Guid(921552290bcd63a4d85302711c80f0c5) Importer(815301076,1909f56bfc062723c751e8b465ee728b) (PreviewImporter) -> (artifact id: 'f24c616545df28e94f4a5a6b434c3e86') in 0.0932924 seconds
Number of updated asset objects reloaded before import = 0Number of asset objects unloaded after import = 31

========================================================================
Received Import Request.
  Time since last request: 0.000040 seconds.
  path: Assets/prefabs/items/planks.fbx
  artifactKey: Guid(e274c084aac17e5448b4f6c897093f00) Importer(815301076,1909f56bfc062723c751e8b465ee728b)
Start importing Assets/prefabs/items/planks.fbx using Guid(e274c084aac17e5448b4f6c897093f00) Importer(815301076,1909f56bfc062723c751e8b465ee728b) (PreviewImporter) -> (artifact id: '90685c9945f09363375f5bbda5b9830b') in 0.0397213 seconds
Number of updated asset objects reloaded before import = 0Number of asset objects unloaded after import = 8

========================================================================
Received Import Request.
  Time since last request: 0.000051 seconds.
  path: Assets/prefabs/items/cooper_ore.fbx
  artifactKey: Guid(fe00a2ec5dbad694ba0dce8fa49654aa) Importer(815301076,1909f56bfc062723c751e8b465ee728b)
Start importing Assets/prefabs/items/cooper_ore.fbx using Guid(fe00a2ec5dbad694ba0dce8fa49654aa) Importer(815301076,1909f56bfc062723c751e8b465ee728b) (PreviewImporter) -> (artifact id: 'd9abdd7e8a3e396344208ff1314605a4') in 0.088414 seconds
Number of updated asset objects reloaded before import = 0Number of asset objects unloaded after import = 30

========================================================================
Received Import Request.
  Time since last request: 10.792972 seconds.
  path: Assets/prefabs/items/cooper_ingot_model.fbx
  artifactKey: Guid(0ae2cf9e19534eb44b566a6702f43969) Importer(815301076,1909f56bfc062723c751e8b465ee728b)
Start importing Assets/prefabs/items/cooper_ingot_model.fbx using Guid(0ae2cf9e19534eb44b566a6702f43969) Importer(815301076,1909f56bfc062723c751e8b465ee728b) (PreviewImporter) -> (artifact id: '059fa97ef69277f81e695dc549129491') in 0.0294604 seconds
Number of updated asset objects reloaded before import = 0Number of asset objects unloaded after import = 8

========================================================================
Received Import Request.
  Time since last request: 12.268264 seconds.
  path: Assets/prefabs/items/cooper_ore_model.fbx
  artifactKey: Guid(fe00a2ec5dbad694ba0dce8fa49654aa) Importer(815301076,1909f56bfc062723c751e8b465ee728b)
Start importing Assets/prefabs/items/cooper_ore_model.fbx using Guid(fe00a2ec5dbad694ba0dce8fa49654aa) Importer(815301076,1909f56bfc062723c751e8b465ee728b) (PreviewImporter) -> (artifact id: 'dce9b0481a50a5da89a57c3bc582acd2') in 0.0788401 seconds
Number of updated asset objects reloaded before import = 0Number of asset objects unloaded after import = 30

========================================================================
Received Import Request.
  Time since last request: 7.922541 seconds.
  path: Assets/prefabs/items/iron_ingot_model.fbx
  artifactKey: Guid(1dc28263b42fc164d9782bc1cbfb5fd0) Importer(815301076,1909f56bfc062723c751e8b465ee728b)
Start importing Assets/prefabs/items/iron_ingot_model.fbx using Guid(1dc28263b42fc164d9782bc1cbfb5fd0) Importer(815301076,1909f56bfc062723c751e8b465ee728b) (PreviewImporter) -> (artifact id: '846d79853f59654547d8d7f10b29c2e1') in 0.0320145 seconds
Number of updated asset objects reloaded before import = 0Number of asset objects unloaded after import = 8

========================================================================
Received Import Request.
  Time since last request: 6.926384 seconds.
  path: Assets/prefabs/items/iron_ore_model.fbx
  artifactKey: Guid(4829bad257bde8b41affb1290dfb1c90) Importer(815301076,1909f56bfc062723c751e8b465ee728b)
Start importing Assets/prefabs/items/iron_ore_model.fbx using Guid(4829bad257bde8b41affb1290dfb1c90) Importer(815301076,1909f56bfc062723c751e8b465ee728b) (PreviewImporter) -> (artifact id: '498eeae874208030754ddcafe92cb373') in 0.092318 seconds
Number of updated asset objects reloaded before import = 0Number of asset objects unloaded after import = 30

========================================================================
Received Import Request.
  Time since last request: 17.036795 seconds.
  path: Assets/TextMesh Pro/Fonts/LiberationSans.ttf
  artifactKey: Guid(e3265ab4bf004d28a9537516768c1c75) Importer(815301076,1909f56bfc062723c751e8b465ee728b)
Start importing Assets/TextMesh Pro/Fonts/LiberationSans.ttf using Guid(e3265ab4bf004d28a9537516768c1c75) Importer(815301076,1909f56bfc062723c751e8b465ee728b) (PreviewImporter) -> (artifact id: 'e36e5f76d7d7d989ad3f2a3bfd489d54') in 0.050399 seconds
Number of updated asset objects reloaded before import = 0Number of asset objects unloaded after import = 4

========================================================================
Received Import Request.
  Time since last request: 0.860018 seconds.
  path: Assets/models/items/Materials/Material.mat
  artifactKey: Guid(67c99f9c3bdf7ae4fb62df0d5f502ecd) Importer(815301076,1909f56bfc062723c751e8b465ee728b)
Start importing Assets/models/items/Materials/Material.mat using Guid(67c99f9c3bdf7ae4fb62df0d5f502ecd) Importer(815301076,1909f56bfc062723c751e8b465ee728b) (PreviewImporter) -> (artifact id: '877655751417959250b6039af67f6956') in 0.0187314 seconds
Number of updated asset objects reloaded before import = 0Number of asset objects unloaded after import = 1

========================================================================
Received Import Request.
  Time since last request: 5.170426 seconds.
  path: Assets/prefabs/items/logs.fbx
  artifactKey: Guid(921552290bcd63a4d85302711c80f0c5) Importer(815301076,1909f56bfc062723c751e8b465ee728b)
Start importing Assets/prefabs/items/logs.fbx using Guid(921552290bcd63a4d85302711c80f0c5) Importer(815301076,1909f56bfc062723c751e8b465ee728b) (PreviewImporter) -> (artifact id: '1ba0923a3680da6c4425a0c1e276c9f3') in 0.0793376 seconds
Number of updated asset objects reloaded before import = 0Number of asset objects unloaded after import = 30

========================================================================
Received Import Request.
  Time since last request: 18.404271 seconds.
  path: Assets/ScriptableObjects/items/Coope rore.asset
  artifactKey: Guid(43ec0e9396945c64bbd4da95fb1e7f16) Importer(815301076,1909f56bfc062723c751e8b465ee728b)
Start importing Assets/ScriptableObjects/items/Coope rore.asset using Guid(43ec0e9396945c64bbd4da95fb1e7f16) Importer(815301076,1909f56bfc062723c751e8b465ee728b) (PreviewImporter) -> (artifact id: 'cbf652be794c07ec3ce81e52af4e9daf') in 0.0051648 seconds
Number of updated asset objects reloaded before import = 0Number of asset objects unloaded after import = 2

========================================================================
Received Import Request.
  Time since last request: 5.642863 seconds.
  path: Assets/prefabs/Builders/Assembler_01.prefab
  artifactKey: Guid(735fe68b4ba56b84ba6b36c448cb7b69) Importer(815301076,1909f56bfc062723c751e8b465ee728b)
Start importing Assets/prefabs/Builders/Assembler_01.prefab using Guid(735fe68b4ba56b84ba6b36c448cb7b69) Importer(815301076,1909f56bfc062723c751e8b465ee728b) (PreviewImporter) -> (artifact id: 'eabac53af7e3b9589ae6e4e60fb6075f') in 0.0273224 seconds
Number of updated asset objects reloaded before import = 0Number of asset objects unloaded after import = 106

========================================================================
Received Import Request.
  Time since last request: 1.650582 seconds.
  path: Assets/prefabs/Builders/Extractor_01.prefab
  artifactKey: Guid(9fe6ad3d27314834b81d7bfbf2e98aa8) Importer(815301076,1909f56bfc062723c751e8b465ee728b)
Start importing Assets/prefabs/Builders/Extractor_01.prefab using Guid(9fe6ad3d27314834b81d7bfbf2e98aa8) Importer(815301076,1909f56bfc062723c751e8b465ee728b) (PreviewImporter) -> (artifact id: 'b48869f8c1e66a36191c8310a2fe3597') in 0.0155673 seconds
Number of updated asset objects reloaded before import = 0Number of asset objects unloaded after import = 84

========================================================================
Received Prepare
Begin MonoManager ReloadAssembly
- Loaded All Assemblies, in  0.901 seconds
Refreshing native plugins compatible for Editor in 1.51 ms, found 3 plugins.
Native extension for iOS target not found
Native extension for Android target not found
Native extension for WindowsStandalone target not found
[Package Manager] Failed to launch server process. Reason: Unity was launched with the -noUpm command-line argument
[Package Manager] Unable to send message (not connected to server process).
[Package Manager] Cannot connect to Unity Package Manager local server
Mono: successfully reloaded assembly
- Finished resetting the current domain, in  0.863 seconds
Domain Reload Profiling: 1760ms
	BeginReloadAssembly (237ms)
		ExecutionOrderSort (0ms)
		DisableScriptedObjects (7ms)
		BackupInstance (0ms)
		ReleaseScriptingObjects (0ms)
		CreateAndSetChildDomain (57ms)
	RebuildCommonClasses (44ms)
	RebuildNativeTypeToScriptingClass (15ms)
	initialDomainReloadingComplete (45ms)
	LoadAllAssembliesAndSetupDomain (555ms)
		LoadAssemblies (476ms)
		RebuildTransferFunctionScriptingTraits (0ms)
		AnalyzeDomain (197ms)
			TypeCache.Refresh (7ms)
				TypeCache.ScanAssembly (0ms)
			BuildScriptInfoCaches (179ms)
			ResolveRequiredComponents (7ms)
	FinalizeReload (863ms)
		ReleaseScriptCaches (0ms)
		RebuildScriptCaches (0ms)
		SetupLoadedEditorAssemblies (719ms)
			LogAssemblyErrors (0ms)
			InitializePlatformSupportModulesInManaged (23ms)
			SetLoadedEditorAssemblies (7ms)
			BeforeProcessingInitializeOnLoad (206ms)
			ProcessInitializeOnLoadAttributes (444ms)
			ProcessInitializeOnLoadMethodAttributes (28ms)
			AfterProcessingInitializeOnLoad (11ms)
			EditorAssembliesLoaded (0ms)
		ExecutionOrderSort2 (0ms)
		AwakeInstancesAfterBackupRestoration (7ms)
Refreshing native plugins compatible for Editor in 2.58 ms, found 3 plugins.
Preloading 0 native plugins for Editor in 0.00 ms.
Unloading 0 Unused Serialized files (Serialized files now loaded: 0)
Unloading 3949 unused Assets / (1.0 MB). Loaded Objects now: 4513.
Memory consumption went from 101.4 MB to 100.4 MB.
Total: 9.614100 ms (FindLiveObjects: 0.584200 ms CreateObjectMapping: 0.612100 ms MarkObjects: 6.478900 ms  DeleteObjects: 1.936600 ms)

Prepare: number of updated asset objects reloaded= 0
========================================================================
Received Import Request.
  Time since last request: 161.704102 seconds.
  path: Assets/prefabs/items/cooper_ingot_model.fbx
  artifactKey: Guid(0ae2cf9e19534eb44b566a6702f43969) Importer(815301076,1909f56bfc062723c751e8b465ee728b)
Start importing Assets/prefabs/items/cooper_ingot_model.fbx using Guid(0ae2cf9e19534eb44b566a6702f43969) Importer(815301076,1909f56bfc062723c751e8b465ee728b) (PreviewImporter) -> (artifact id: '4482379b07dbc1a7aae8bbff2046bfc2') in 0.1449624 seconds
Number of updated asset objects reloaded before import = 0Number of asset objects unloaded after import = 8

========================================================================
Received Import Request.
  Time since last request: 36.778998 seconds.
  path: Assets/models/items/Materials/Material.mat
  artifactKey: Guid(67c99f9c3bdf7ae4fb62df0d5f502ecd) Importer(2089858483,192608db42251d675da83286b1cce702)
Start importing Assets/models/items/Materials/Material.mat using Guid(67c99f9c3bdf7ae4fb62df0d5f502ecd) Importer(2089858483,192608db42251d675da83286b1cce702) (ScriptedImporter) -> (artifact id: '7ee3bb959e5a147c8a83343029c61791') in 0.1072995 seconds
Number of updated asset objects reloaded before import = 0Number of asset objects unloaded after import = 1

========================================================================
Received Import Request.
  Time since last request: 37.039863 seconds.
  path: Assets/prefabs/items/iron_ore.prefab
  artifactKey: Guid(614c3d96ffae99644a000b2352362b20) Importer(815301076,1909f56bfc062723c751e8b465ee728b)
Start importing Assets/prefabs/items/iron_ore.prefab using Guid(614c3d96ffae99644a000b2352362b20) Importer(815301076,1909f56bfc062723c751e8b465ee728b) (PreviewImporter) -> (artifact id: '44468c8ab1d9b01b3ad536d89f5face2') in 0.0189674 seconds
Number of updated asset objects reloaded before import = 0Number of asset objects unloaded after import = 55

========================================================================
Received Import Request.
  Time since last request: 0.100499 seconds.
  path: Assets/prefabs/items/coal.prefab
  artifactKey: Guid(61c4391a7e4ac1147a1ecbc9f5c6840d) Importer(815301076,1909f56bfc062723c751e8b465ee728b)
Start importing Assets/prefabs/items/coal.prefab using Guid(61c4391a7e4ac1147a1ecbc9f5c6840d) Importer(815301076,1909f56bfc062723c751e8b465ee728b) (PreviewImporter) -> (artifact id: '5aaa3cbc1d9c202357bd2c8e9bf8a88f') in 0.0251999 seconds
Number of updated asset objects reloaded before import = 0Number of asset objects unloaded after import = 55

========================================================================
Received Import Request.
  Time since last request: 0.000061 seconds.
  path: Assets/prefabs/items/stone (1).prefab
  artifactKey: Guid(a0ea2700f97bae64aaab16802c7fe0e8) Importer(815301076,1909f56bfc062723c751e8b465ee728b)
Start importing Assets/prefabs/items/stone (1).prefab using Guid(a0ea2700f97bae64aaab16802c7fe0e8) Importer(815301076,1909f56bfc062723c751e8b465ee728b) (PreviewImporter) -> (artifact id: 'aeabe9e982e9d6b7e0d666babd287ac3') in 0.0226037 seconds
Number of updated asset objects reloaded before import = 0Number of asset objects unloaded after import = 55

========================================================================
Received Import Request.
  Time since last request: 0.000037 seconds.
  path: Assets/prefabs/items/cooper_ore.prefab
  artifactKey: Guid(852ec5a4b2725af45a39939583db0f8d) Importer(815301076,1909f56bfc062723c751e8b465ee728b)
Start importing Assets/prefabs/items/cooper_ore.prefab using Guid(852ec5a4b2725af45a39939583db0f8d) Importer(815301076,1909f56bfc062723c751e8b465ee728b) (PreviewImporter) -> (artifact id: 'd56f26241b6e37e10c5cd54b0ffe3609') in 0.028291 seconds
Number of updated asset objects reloaded before import = 0Number of asset objects unloaded after import = 55

========================================================================
Received Import Request.
  Time since last request: 0.000032 seconds.
  path: Assets/prefabs/items/iron_ingot.prefab
  artifactKey: Guid(e336983d1c6ec9540b27b554ff871a70) Importer(815301076,1909f56bfc062723c751e8b465ee728b)
Start importing Assets/prefabs/items/iron_ingot.prefab using Guid(e336983d1c6ec9540b27b554ff871a70) Importer(815301076,1909f56bfc062723c751e8b465ee728b) (PreviewImporter) -> (artifact id: 'e2ab6cd8ef2baeb439074cf180e71c47') in 0.0237609 seconds
Number of updated asset objects reloaded before import = 0Number of asset objects unloaded after import = 15

========================================================================
Received Import Request.
  Time since last request: 0.000059 seconds.
  path: Assets/prefabs/items/planks.prefab
  artifactKey: Guid(334aaf03a5e4b82468a0d0f96a79a85d) Importer(815301076,1909f56bfc062723c751e8b465ee728b)
Start importing Assets/prefabs/items/planks.prefab using Guid(334aaf03a5e4b82468a0d0f96a79a85d) Importer(815301076,1909f56bfc062723c751e8b465ee728b) (PreviewImporter) -> (artifact id: 'c70461cb22a78a82f0b4d0f2668883be') in 0.0243753 seconds
Number of updated asset objects reloaded before import = 0Number of asset objects unloaded after import = 15

========================================================================
Received Import Request.
  Time since last request: 0.699904 seconds.
  path: Assets/prefabs/items/planks.prefab
  artifactKey: Guid(334aaf03a5e4b82468a0d0f96a79a85d) Importer(2089858483,192608db42251d675da83286b1cce702)
Start importing Assets/prefabs/items/planks.prefab using Guid(334aaf03a5e4b82468a0d0f96a79a85d) Importer(2089858483,192608db42251d675da83286b1cce702) (ScriptedImporter) -> (artifact id: 'a48fa771f47ff07dabe862ffda1104bc') in 0.0640722 seconds
Number of updated asset objects reloaded before import = 0Number of asset objects unloaded after import = 14

========================================================================
Received Import Request.
  Time since last request: 0.000051 seconds.
  path: Assets/prefabs/items/cooper_ore.prefab
  artifactKey: Guid(852ec5a4b2725af45a39939583db0f8d) Importer(2089858483,192608db42251d675da83286b1cce702)
Start importing Assets/prefabs/items/cooper_ore.prefab using Guid(852ec5a4b2725af45a39939583db0f8d) Importer(2089858483,192608db42251d675da83286b1cce702) (ScriptedImporter) -> (artifact id: 'ce6b84968c595517df86d2d28ff4c888') in 0.0227689 seconds
Number of updated asset objects reloaded before import = 0Number of asset objects unloaded after import = 53

========================================================================
Received Import Request.
  Time since last request: 0.000051 seconds.
  path: Assets/prefabs/items/coal.prefab
  artifactKey: Guid(61c4391a7e4ac1147a1ecbc9f5c6840d) Importer(2089858483,192608db42251d675da83286b1cce702)
Start importing Assets/prefabs/items/coal.prefab using Guid(61c4391a7e4ac1147a1ecbc9f5c6840d) Importer(2089858483,192608db42251d675da83286b1cce702) (ScriptedImporter) -> (artifact id: '757ac6605f95dcfd4c64b2f29c5db4d6') in 0.0220081 seconds
Number of updated asset objects reloaded before import = 0Number of asset objects unloaded after import = 53

========================================================================
Received Import Request.
  Time since last request: 3.136310 seconds.
  path: Assets/prefabs/items/iron_ingot.prefab
  artifactKey: Guid(e336983d1c6ec9540b27b554ff871a70) Importer(815301076,1909f56bfc062723c751e8b465ee728b)
Start importing Assets/prefabs/items/iron_ingot.prefab using Guid(e336983d1c6ec9540b27b554ff871a70) Importer(815301076,1909f56bfc062723c751e8b465ee728b) (PreviewImporter) -> (artifact id: 'ba58855e49500ff6e66f325983370ca7') in 0.0105074 seconds
Number of updated asset objects reloaded before import = 0Number of asset objects unloaded after import = 15

========================================================================
Received Prepare
Begin MonoManager ReloadAssembly
- Loaded All Assemblies, in  0.918 seconds
Refreshing native plugins compatible for Editor in 1.64 ms, found 3 plugins.
Native extension for iOS target not found
Native extension for Android target not found
Native extension for WindowsStandalone target not found
[Package Manager] Failed to launch server process. Reason: Unity was launched with the -noUpm command-line argument
[Package Manager] Unable to send message (not connected to server process).
[Package Manager] Cannot connect to Unity Package Manager local server
Mono: successfully reloaded assembly
- Finished resetting the current domain, in  0.901 seconds
Domain Reload Profiling: 1815ms
	BeginReloadAssembly (256ms)
		ExecutionOrderSort (0ms)
		DisableScriptedObjects (6ms)
		BackupInstance (0ms)
		ReleaseScriptingObjects (0ms)
		CreateAndSetChildDomain (62ms)
	RebuildCommonClasses (45ms)
	RebuildNativeTypeToScriptingClass (14ms)
	initialDomainReloadingComplete (43ms)
	LoadAllAssembliesAndSetupDomain (555ms)
		LoadAssemblies (487ms)
		RebuildTransferFunctionScriptingTraits (0ms)
		AnalyzeDomain (201ms)
			TypeCache.Refresh (8ms)
				TypeCache.ScanAssembly (0ms)
			BuildScriptInfoCaches (183ms)
			ResolveRequiredComponents (6ms)
	FinalizeReload (901ms)
		ReleaseScriptCaches (0ms)
		RebuildScriptCaches (0ms)
		SetupLoadedEditorAssemblies (751ms)
			LogAssemblyErrors (0ms)
			InitializePlatformSupportModulesInManaged (28ms)
			SetLoadedEditorAssemblies (8ms)
			BeforeProcessingInitializeOnLoad (226ms)
			ProcessInitializeOnLoadAttributes (448ms)
			ProcessInitializeOnLoadMethodAttributes (29ms)
			AfterProcessingInitializeOnLoad (12ms)
			EditorAssembliesLoaded (0ms)
		ExecutionOrderSort2 (0ms)
		AwakeInstancesAfterBackupRestoration (7ms)
Refreshing native plugins compatible for Editor in 2.38 ms, found 3 plugins.
Preloading 0 native plugins for Editor in 0.00 ms.
Unloading 0 Unused Serialized files (Serialized files now loaded: 0)
Unloading 3949 unused Assets / (0.9 MB). Loaded Objects now: 4513.
Memory consumption went from 101.4 MB to 100.5 MB.
Total: 8.096500 ms (FindLiveObjects: 0.557900 ms CreateObjectMapping: 0.501900 ms MarkObjects: 5.570200 ms  DeleteObjects: 1.464300 ms)

Prepare: number of updated asset objects reloaded= 0
========================================================================
Received Import Request.
  Time since last request: 282.525436 seconds.
  path: Assets/models/items/logs.fbx
  artifactKey: Guid(54663ccc1f2f79540b22cc1920d159b1) Importer(815301076,1909f56bfc062723c751e8b465ee728b)
Start importing Assets/models/items/logs.fbx using Guid(54663ccc1f2f79540b22cc1920d159b1) Importer(815301076,1909f56bfc062723c751e8b465ee728b) (PreviewImporter) -> (artifact id: 'd15f3c2012e5c5527279e327d749949e') in 0.1903367 seconds
Number of updated asset objects reloaded before import = 0Number of asset objects unloaded after import = 31

========================================================================
Received Import Request.
  Time since last request: 190.664414 seconds.
  path: Assets/prefabs/items/iron_ingot.prefab
  artifactKey: Guid(e336983d1c6ec9540b27b554ff871a70) Importer(815301076,1909f56bfc062723c751e8b465ee728b)
Start importing Assets/prefabs/items/iron_ingot.prefab using Guid(e336983d1c6ec9540b27b554ff871a70) Importer(815301076,1909f56bfc062723c751e8b465ee728b) (PreviewImporter) -> (artifact id: 'ee1596dd93b6a98f2b00acd9ca9ccdbc') in 0.0221066 seconds
Number of updated asset objects reloaded before import = 0Number of asset objects unloaded after import = 15

========================================================================
Received Prepare
Begin MonoManager ReloadAssembly
- Loaded All Assemblies, in  0.895 seconds
Refreshing native plugins compatible for Editor in 2.24 ms, found 3 plugins.
Native extension for iOS target not found
Native extension for Android target not found
Native extension for WindowsStandalone target not found
[Package Manager] Failed to launch server process. Reason: Unity was launched with the -noUpm command-line argument
[Package Manager] Unable to send message (not connected to server process).
[Package Manager] Cannot connect to Unity Package Manager local server
Mono: successfully reloaded assembly
- Finished resetting the current domain, in  0.892 seconds
Domain Reload Profiling: 1783ms
	BeginReloadAssembly (248ms)
		ExecutionOrderSort (0ms)
		DisableScriptedObjects (7ms)
		BackupInstance (0ms)
		ReleaseScriptingObjects (0ms)
		CreateAndSetChildDomain (55ms)
	RebuildCommonClasses (48ms)
	RebuildNativeTypeToScriptingClass (14ms)
	initialDomainReloadingComplete (39ms)
	LoadAllAssembliesAndSetupDomain (541ms)
		LoadAssemblies (478ms)
		RebuildTransferFunctionScriptingTraits (0ms)
		AnalyzeDomain (191ms)
			TypeCache.Refresh (7ms)
				TypeCache.ScanAssembly (0ms)
			BuildScriptInfoCaches (173ms)
			ResolveRequiredComponents (6ms)
	FinalizeReload (893ms)
		ReleaseScriptCaches (0ms)
		RebuildScriptCaches (0ms)
		SetupLoadedEditorAssemblies (742ms)
			LogAssemblyErrors (0ms)
			InitializePlatformSupportModulesInManaged (22ms)
			SetLoadedEditorAssemblies (7ms)
			BeforeProcessingInitializeOnLoad (210ms)
			ProcessInitializeOnLoadAttributes (459ms)
			ProcessInitializeOnLoadMethodAttributes (34ms)
			AfterProcessingInitializeOnLoad (9ms)
			EditorAssembliesLoaded (0ms)
		ExecutionOrderSort2 (0ms)
		AwakeInstancesAfterBackupRestoration (7ms)
Refreshing native plugins compatible for Editor in 1.70 ms, found 3 plugins.
Preloading 0 native plugins for Editor in 0.00 ms.
Unloading 0 Unused Serialized files (Serialized files now loaded: 0)
Unloading 3949 unused Assets / (1.1 MB). Loaded Objects now: 4513.
Memory consumption went from 101.4 MB to 100.4 MB.
Total: 7.934300 ms (FindLiveObjects: 0.709200 ms CreateObjectMapping: 0.595600 ms MarkObjects: 4.716200 ms  DeleteObjects: 1.910700 ms)

Prepare: number of updated asset objects reloaded= 0
========================================================================
Received Import Request.
  Time since last request: 169.671829 seconds.
  path: Assets/models/items/coal.fbx
  artifactKey: Guid(7c52755ad97b09a4c90447a459aadc04) Importer(815301076,1909f56bfc062723c751e8b465ee728b)
Start importing Assets/models/items/coal.fbx using Guid(7c52755ad97b09a4c90447a459aadc04) Importer(815301076,1909f56bfc062723c751e8b465ee728b) (PreviewImporter) -> (artifact id: 'b33777483085d7d7850ca602cd6850e4') in 0.2697461 seconds
Number of updated asset objects reloaded before import = 0Number of asset objects unloaded after import = 30

========================================================================
Received Import Request.
  Time since last request: 0.000056 seconds.
  path: Assets/models/items/stone.fbx
  artifactKey: Guid(97274a67e3f6cc5448f513d4a67bff3f) Importer(815301076,1909f56bfc062723c751e8b465ee728b)
Start importing Assets/models/items/stone.fbx using Guid(97274a67e3f6cc5448f513d4a67bff3f) Importer(815301076,1909f56bfc062723c751e8b465ee728b) (PreviewImporter) -> (artifact id: '4bec72b9e049406406532931094d350b') in 0.0969966 seconds
Number of updated asset objects reloaded before import = 0Number of asset objects unloaded after import = 30

========================================================================
Received Import Request.
  Time since last request: 38.489647 seconds.
  path: Assets/models/items/cooper_ingot.fbx
  artifactKey: Guid(d11a6afcbcbc4794cad106e9feada74e) Importer(815301076,1909f56bfc062723c751e8b465ee728b)
Start importing Assets/models/items/cooper_ingot.fbx using Guid(d11a6afcbcbc4794cad106e9feada74e) Importer(815301076,1909f56bfc062723c751e8b465ee728b) (PreviewImporter) -> (artifact id: 'b4d97e3f411d5eb58571a41d6bc9b330') in 0.0331529 seconds
Number of updated asset objects reloaded before import = 0Number of asset objects unloaded after import = 9

========================================================================
Received Import Request.
  Time since last request: 0.000028 seconds.
  path: Assets/models/items/iron_ore.fbx
  artifactKey: Guid(24df79affbf55fa4c89b09f2003dfdee) Importer(815301076,1909f56bfc062723c751e8b465ee728b)
Start importing Assets/models/items/iron_ore.fbx using Guid(24df79affbf55fa4c89b09f2003dfdee) Importer(815301076,1909f56bfc062723c751e8b465ee728b) (PreviewImporter) -> (artifact id: '06495a187b154ca4f54222393a239a77') in 0.104855 seconds
Number of updated asset objects reloaded before import = 0Number of asset objects unloaded after import = 35

========================================================================
Received Import Request.
  Time since last request: 0.000027 seconds.
  path: Assets/models/items/stone.fbx
  artifactKey: Guid(97274a67e3f6cc5448f513d4a67bff3f) Importer(815301076,1909f56bfc062723c751e8b465ee728b)
Start importing Assets/models/items/stone.fbx using Guid(97274a67e3f6cc5448f513d4a67bff3f) Importer(815301076,1909f56bfc062723c751e8b465ee728b) (PreviewImporter) -> (artifact id: '3c517ae6720158d389991bd0d340583f') in 0.0889545 seconds
Number of updated asset objects reloaded before import = 0Number of asset objects unloaded after import = 35

========================================================================
Received Import Request.
  Time since last request: 42.596147 seconds.
  path: Assets/models/resourses/stone_cooper_ore.fbx
  artifactKey: Guid(adf5e7ba21cb5e342aab781a5fb415f9) Importer(815301076,1909f56bfc062723c751e8b465ee728b)
Start importing Assets/models/resourses/stone_cooper_ore.fbx using Guid(adf5e7ba21cb5e342aab781a5fb415f9) Importer(815301076,1909f56bfc062723c751e8b465ee728b) (PreviewImporter) -> (artifact id: '5f8b68001cb3c2774ff71e18d5e22a11') in 0.1880448 seconds
Number of updated asset objects reloaded before import = 0Number of asset objects unloaded after import = 196

Editor requested this worker to shutdown with reason: Scaling down because of idle timeout
AssetImportWorker is now disconnected from the server
Process exiting
Exiting without the bug reporter. Application will terminate with return code 0