Using pre-set license
Built from '6000.0/staging' branch; Version is '6000.0.60f1 (f02d6f9f9009) revision 15740271'; Using compiler version '193933523'; Build Type 'Release'
OS: 'Windows 11  (10.0.26200) 64bit Professional' Language: 'ru' Physical Memory: 32090 MB
BatchMode: 1, IsHumanControllingUs: 0, StartBugReporterOnCrash: 0, Is64bit: 1
Date: 2026-08-09T17:26:24Z

COMMAND LINE ARGUMENTS:
C:\Program Files\Unity\Hub\Editor\6000.0.60f1\Editor\Unity.exe
-adb2
-batchMode
-noUpm
-name
AssetImportWorker10
-projectPath
C:/Users/step2/Desktop/Walk to biome
-logFile
Logs/AssetImportWorker10.log
-srvPort
52701
-job-worker-count
5
-background-job-worker-count
8
-gc-helper-count
1
-name
AssetImport
Successfully changed project path to: C:/Users/step2/Desktop/Walk to biome
C:/Users/step2/Desktop/Walk to biome
[UnityMemory] Configuration Parameters - Can be set up in boot.config
    "memorysetup-bucket-allocator-granularity=16"
    "memorysetup-bucket-allocator-bucket-count=8"
    "memorysetup-bucket-allocator-block-size=33554432"
    "memorysetup-bucket-allocator-block-count=8"
    "memorysetup-main-allocator-block-size=16777216"
    "memorysetup-thread-allocator-block-size=16777216"
    "memorysetup-gfx-main-allocator-block-size=16777216"
    "memorysetup-gfx-thread-allocator-block-size=16777216"
    "memorysetup-cache-allocator-block-size=4194304"
    "memorysetup-typetree-allocator-block-size=2097152"
    "memorysetup-profiler-bucket-allocator-granularity=16"
    "memorysetup-profiler-bucket-allocator-bucket-count=8"
    "memorysetup-profiler-bucket-allocator-block-size=33554432"
    "memorysetup-profiler-bucket-allocator-block-count=8"
    "memorysetup-profiler-allocator-block-size=16777216"
    "memorysetup-profiler-editor-allocator-block-size=1048576"
    "memorysetup-temp-allocator-size-main=16777216"
    "memorysetup-job-temp-allocator-block-size=2097152"
    "memorysetup-job-temp-allocator-block-size-background=1048576"
    "memorysetup-job-temp-allocator-reduction-small-platforms=262144"
    "memorysetup-allocator-temp-initial-block-size-main=262144"
    "memorysetup-allocator-temp-initial-block-size-worker=262144"
    "memorysetup-temp-allocator-size-background-worker=32768"
    "memorysetup-temp-allocator-size-job-worker=262144"
    "memorysetup-temp-allocator-size-preload-manager=33554432"
    "memorysetup-temp-allocator-size-nav-mesh-worker=65536"
    "memorysetup-temp-allocator-size-audio-worker=65536"
    "memorysetup-temp-allocator-size-cloud-worker=32768"
    "memorysetup-temp-allocator-size-gi-baking-worker=262144"
    "memorysetup-temp-allocator-size-gi-baking-worker=262144"
    "memorysetup-temp-allocator-size-gi-baking-worker=262144"
    "memorysetup-temp-allocator-size-gi-baking-worker=262144"
    "memorysetup-temp-allocator-size-gi-baking-worker=262144"
    "memorysetup-temp-allocator-size-gfx=262144"
Player connection [24572]  Target information:

Player connection [24572]  * "[IP] 192.168.0.16 [Port] 0 [Flags] 2 [Guid] 3161072523 [EditorId] 3161072523 [Version] 1048832 [Id] WindowsEditor(7,step) [Debug] 1 [PackageName] WindowsEditor [ProjectName] Editor" 

Player connection [24572]  * "[IP] 26.183.195.198 [Port] 0 [Flags] 2 [Guid] 3161072523 [EditorId] 3161072523 [Version] 1048832 [Id] WindowsEditor(7,step) [Debug] 1 [PackageName] WindowsEditor [ProjectName] Editor" 

Player connection [24572]  * "[IP] 198.18.0.1 [Port] 0 [Flags] 2 [Guid] 3161072523 [EditorId] 3161072523 [Version] 1048832 [Id] WindowsEditor(7,step) [Debug] 1 [PackageName] WindowsEditor [ProjectName] Editor" 

Player connection [24572] Host joined multi-casting on [225.0.0.222:54997]...
Player connection [24572] Host joined alternative multi-casting on [225.0.0.222:34997]...
JobSystem: Creating JobQueue using job-worker-count value 5
Input System module state changed to: Initialized.
[Physics::Module] Initialized fallback backend.
[Physics::Module] Id: 0xdecafbad
Library Redirect Path: Library/
[Physics::Module] Selected backend.
[Physics::Module] Name: PhysX
[Physics::Module] Id: 0xf2b8ea05
[Physics::Module] SDK Version: 4.1.2
[Physics::Module] Integration Version: 1.0.0
[Physics::Module] Threading Mode: Multi-Threaded
Refreshing native plugins compatible for Editor in 195.10 ms, found 3 plugins.
Preloading 0 native plugins for Editor in 0.00 ms.
Initialize engine version: 6000.0.60f1 (f02d6f9f9009)
[Subsystems] Discovering subsystems at path C:/Program Files/Unity/Hub/Editor/6000.0.60f1/Editor/Data/Resources/UnitySubsystems
[Subsystems] Discovering subsystems at path C:/Users/step2/Desktop/Walk to biome/Assets
GfxDevice: creating device client; kGfxThreadingModeNonThreaded
Direct3D:
    Version:  Direct3D 11.0 [level 11.1]
    Renderer: NVIDIA GeForce GTX 1650 (ID=0x1f9d)
    Vendor:   NVIDIA
    VRAM:     3935 MB
    Driver:   32.0.16.1062
Initialize mono
Mono path[0] = 'C:/Program Files/Unity/Hub/Editor/6000.0.60f1/Editor/Data/Managed'
Mono path[1] = 'C:/Program Files/Unity/Hub/Editor/6000.0.60f1/Editor/Data/MonoBleedingEdge/lib/mono/unityjit-win32'
Mono config path = 'C:/Program Files/Unity/Hub/Editor/6000.0.60f1/Editor/Data/MonoBleedingEdge/etc'
Using monoOptions --debugger-agent=transport=dt_socket,embedding=1,server=y,suspend=n,address=127.0.0.1:56224
Begin MonoManager ReloadAssembly
Registering precompiled unity dll's ...
Register platform support module: C:/Program Files/Unity/Hub/Editor/6000.0.60f1/Editor/Data/PlaybackEngines/WindowsStandaloneSupport/UnityEditor.WindowsStandalone.Extensions.dll
Register platform support module: C:/Program Files/Unity/Hub/Editor/6000.0.60f1/Editor/Data/PlaybackEngines/AndroidPlayer/UnityEditor.Android.Extensions.dll
Register platform support module: C:/Program Files/Unity/Hub/Editor/6000.0.60f1/Editor/Data/PlaybackEngines/iOSSupport/UnityEditor.iOS.Extensions.dll
Registered in 0.688338 seconds.
- Loaded All Assemblies, in  4.184 seconds
[usbmuxd] Start listen thread
[usbmuxd] Listen thread started
[usbmuxd] Send listen message
Native extension for iOS target not found
Native extension for Android target not found
Android Extension - Scanning For ADB Devices 474 ms
Native extension for WindowsStandalone target not found
Mono: successfully reloaded assembly
- Finished resetting the current domain, in  1.072 seconds
Domain Reload Profiling: 5253ms
	BeginReloadAssembly (594ms)
		ExecutionOrderSort (0ms)
		DisableScriptedObjects (0ms)
		BackupInstance (0ms)
		ReleaseScriptingObjects (0ms)
		CreateAndSetChildDomain (1ms)
	RebuildCommonClasses (846ms)
	RebuildNativeTypeToScriptingClass (17ms)
	initialDomainReloadingComplete (757ms)
	LoadAllAssembliesAndSetupDomain (1967ms)
		LoadAssemblies (615ms)
		RebuildTransferFunctionScriptingTraits (0ms)
		AnalyzeDomain (1938ms)
			TypeCache.Refresh (1936ms)
				TypeCache.ScanAssembly (1340ms)
			BuildScriptInfoCaches (0ms)
			ResolveRequiredComponents (1ms)
	FinalizeReload (1073ms)
		ReleaseScriptCaches (0ms)
		RebuildScriptCaches (0ms)
		SetupLoadedEditorAssemblies (1021ms)
			LogAssemblyErrors (0ms)
			InitializePlatformSupportModulesInManaged (617ms)
			SetLoadedEditorAssemblies (6ms)
			BeforeProcessingInitializeOnLoad (99ms)
			ProcessInitializeOnLoadAttributes (195ms)
			ProcessInitializeOnLoadMethodAttributes (104ms)
			AfterProcessingInitializeOnLoad (0ms)
			EditorAssembliesLoaded (0ms)
		ExecutionOrderSort2 (0ms)
		AwakeInstancesAfterBackupRestoration (0ms)
========================================================================
Worker process is ready to serve import requests
Import Worker Mode flag is 0x00
Begin MonoManager ReloadAssembly
- Loaded All Assemblies, in 10.255 seconds
Refreshing native plugins compatible for Editor in 1.70 ms, found 3 plugins.
Native extension for iOS target not found
Native extension for Android target not found
Native extension for WindowsStandalone target not found
Package Manager log level set to [2]
[Package Manager] Failed to launch server process. Reason: Unity was launched with the -noUpm command-line argument
[Package Manager] Unable to send message (not connected to server process).
[Package Manager] Cannot connect to Unity Package Manager local server
Mono: successfully reloaded assembly
- Finished resetting the current domain, in  0.966 seconds
Domain Reload Profiling: 11214ms
	BeginReloadAssembly (250ms)
		ExecutionOrderSort (0ms)
		DisableScriptedObjects (8ms)
		BackupInstance (0ms)
		ReleaseScriptingObjects (0ms)
		CreateAndSetChildDomain (39ms)
	RebuildCommonClasses (46ms)
	RebuildNativeTypeToScriptingClass (15ms)
	initialDomainReloadingComplete (59ms)
	LoadAllAssembliesAndSetupDomain (9877ms)
		LoadAssemblies (8847ms)
		RebuildTransferFunctionScriptingTraits (0ms)
		AnalyzeDomain (1171ms)
			TypeCache.Refresh (1124ms)
				TypeCache.ScanAssembly (1105ms)
			BuildScriptInfoCaches (37ms)
			ResolveRequiredComponents (5ms)
	FinalizeReload (966ms)
		ReleaseScriptCaches (0ms)
		RebuildScriptCaches (0ms)
		SetupLoadedEditorAssemblies (825ms)
			LogAssemblyErrors (0ms)
			InitializePlatformSupportModulesInManaged (24ms)
			SetLoadedEditorAssemblies (9ms)
			BeforeProcessingInitializeOnLoad (219ms)
			ProcessInitializeOnLoadAttributes (529ms)
			ProcessInitializeOnLoadMethodAttributes (36ms)
			AfterProcessingInitializeOnLoad (8ms)
			EditorAssembliesLoaded (0ms)
		ExecutionOrderSort2 (0ms)
		AwakeInstancesAfterBackupRestoration (7ms)
Launched and connected shader compiler UnityShaderCompiler.exe after 0.02 seconds
Refreshing native plugins compatible for Editor in 2.03 ms, found 3 plugins.
Preloading 0 native plugins for Editor in 0.00 ms.
Unloading 0 Unused Serialized files (Serialized files now loaded: 0)
Unloading 3951 unused Assets / (1.1 MB). Loaded Objects now: 4460.
Memory consumption went from 95.4 MB to 94.3 MB.
Total: 7.514600 ms (FindLiveObjects: 0.586000 ms CreateObjectMapping: 0.496200 ms MarkObjects: 5.151800 ms  DeleteObjects: 1.278100 ms)

========================================================================
Received Import Request.
  Time since last request: 213496.762776 seconds.
  path: Assets/models/Builders/Materials/conveer.fbm/Без имени.png
  artifactKey: Guid(fd1493ffaeba6fa4aafb746ec571325d) Importer(2089858483,192608db42251d675da83286b1cce702)
Start importing Assets/models/Builders/Materials/conveer.fbm/Без имени.png using Guid(fd1493ffaeba6fa4aafb746ec571325d) Importer(2089858483,192608db42251d675da83286b1cce702) (ScriptedImporter) -> (artifact id: 'bbb09f2178ecdb0fe1e04ec2408cd91e') in 0.1973547 seconds
Number of updated asset objects reloaded before import = 0Number of asset objects unloaded after import = 1

========================================================================
Received Import Request.
  Time since last request: 13.607325 seconds.
  path: Assets/models/Builders/CONVEER_FROM_BLENDER/conveer.fbm
  artifactKey: Guid(66ca38eac29155644980bfb8076a5f96) Importer(2089858483,192608db42251d675da83286b1cce702)
Start importing Assets/models/Builders/CONVEER_FROM_BLENDER/conveer.fbm using Guid(66ca38eac29155644980bfb8076a5f96) Importer(2089858483,192608db42251d675da83286b1cce702) (ScriptedImporter) -> (artifact id: 'e460e79bd53c3de0ae5f08a00ef9164f') in 0.0225777 seconds
Number of updated asset objects reloaded before import = 0Number of asset objects unloaded after import = 1

========================================================================
Received Import Request.
  Time since last request: 0.001075 seconds.
  path: Assets/models/Builders/CONVEER_FROM_BLENDER/conveer.fbx
  artifactKey: Guid(d13c8b9ba76077441843da695bbd793f) Importer(2089858483,192608db42251d675da83286b1cce702)
Start importing Assets/models/Builders/CONVEER_FROM_BLENDER/conveer.fbx using Guid(d13c8b9ba76077441843da695bbd793f) Importer(2089858483,192608db42251d675da83286b1cce702) (ScriptedImporter) -> (artifact id: '6a30af364911d212d4f10fdad150d141') in 0.1391893 seconds
Number of updated asset objects reloaded before import = 0Number of asset objects unloaded after import = 11

========================================================================
Received Import Request.
  Time since last request: 0.000039 seconds.
  path: Assets/models/Builders/CONVEER_FROM_BLENDER/WMaterial.001 1.mat
  artifactKey: Guid(d62743db18c9adf4280859eaa142d57b) Importer(2089858483,192608db42251d675da83286b1cce702)
Start importing Assets/models/Builders/CONVEER_FROM_BLENDER/WMaterial.001 1.mat using Guid(d62743db18c9adf4280859eaa142d57b) Importer(2089858483,192608db42251d675da83286b1cce702) (ScriptedImporter) -> (artifact id: '71e19511270fce70dd37451c2a6b1318') in 0.049741 seconds
Number of updated asset objects reloaded before import = 0Number of asset objects unloaded after import = 1

========================================================================
Received Import Request.
  Time since last request: 0.000171 seconds.
  path: Assets/models/Builders/CONVEER_FROM_BLENDER/WБез имени 1.mat
  artifactKey: Guid(163f7753a7a36d4408479eae97c09980) Importer(2089858483,192608db42251d675da83286b1cce702)
Start importing Assets/models/Builders/CONVEER_FROM_BLENDER/WБез имени 1.mat using Guid(163f7753a7a36d4408479eae97c09980) Importer(2089858483,192608db42251d675da83286b1cce702) (ScriptedImporter) -> (artifact id: '00cfa8d5cee596b465ca853f3dddebd4') in 0.0256193 seconds
Number of updated asset objects reloaded before import = 0Number of asset objects unloaded after import = 2

========================================================================
Received Import Request.
  Time since last request: 447.367606 seconds.
  path: Assets/ScriptableObjects/recipes/IronIngotRecipe.asset
  artifactKey: Guid(b020d37925269d7479c9b83b0c017fbf) Importer(815301076,1909f56bfc062723c751e8b465ee728b)
Start importing Assets/ScriptableObjects/recipes/IronIngotRecipe.asset using Guid(b020d37925269d7479c9b83b0c017fbf) Importer(815301076,1909f56bfc062723c751e8b465ee728b) (PreviewImporter) -> (artifact id: 'f45fedd3232a9945ed2fcc9080dec4c0') in 0.0225476 seconds
Number of updated asset objects reloaded before import = 0Number of asset objects unloaded after import = 45

========================================================================
Received Import Request.
  Time since last request: 0.000032 seconds.
  path: Assets/ScriptableObjects/recipes/plankRecipe 1.asset
  artifactKey: Guid(f151608f38544b9469cdd3fb90000d9f) Importer(815301076,1909f56bfc062723c751e8b465ee728b)
Start importing Assets/ScriptableObjects/recipes/plankRecipe 1.asset using Guid(f151608f38544b9469cdd3fb90000d9f) Importer(815301076,1909f56bfc062723c751e8b465ee728b) (PreviewImporter) -> (artifact id: 'f5c917ff4c892d3263a2b6bf211fd25f') in 0.0054971 seconds
Number of updated asset objects reloaded before import = 0Number of asset objects unloaded after import = 45

========================================================================
Received Prepare
Refreshing native plugins compatible for Editor in 1.69 ms, found 3 plugins.
Preloading 0 native plugins for Editor in 0.00 ms.
Unloading 0 Unused Serialized files (Serialized files now loaded: 0)
Unloading 3943 unused Assets / (1.0 MB). Loaded Objects now: 4464.
Memory consumption went from 95.1 MB to 94.0 MB.
Total: 8.713200 ms (FindLiveObjects: 0.718500 ms CreateObjectMapping: 0.606500 ms MarkObjects: 5.917000 ms  DeleteObjects: 1.468800 ms)

Prepare: number of updated asset objects reloaded= 0
========================================================================
Received Prepare
Begin MonoManager ReloadAssembly
- Loaded All Assemblies, in  0.924 seconds
Refreshing native plugins compatible for Editor in 2.15 ms, found 3 plugins.
Native extension for iOS target not found
Native extension for Android target not found
Native extension for WindowsStandalone target not found
[Package Manager] Failed to launch server process. Reason: Unity was launched with the -noUpm command-line argument
[Package Manager] Unable to send message (not connected to server process).
[Package Manager] Cannot connect to Unity Package Manager local server
Mono: successfully reloaded assembly
- Finished resetting the current domain, in  0.938 seconds
Domain Reload Profiling: 1861ms
	BeginReloadAssembly (270ms)
		ExecutionOrderSort (0ms)
		DisableScriptedObjects (12ms)
		BackupInstance (0ms)
		ReleaseScriptingObjects (0ms)
		CreateAndSetChildDomain (59ms)
	RebuildCommonClasses (45ms)
	RebuildNativeTypeToScriptingClass (14ms)
	initialDomainReloadingComplete (48ms)
	LoadAllAssembliesAndSetupDomain (545ms)
		LoadAssemblies (503ms)
		RebuildTransferFunctionScriptingTraits (0ms)
		AnalyzeDomain (181ms)
			TypeCache.Refresh (9ms)
				TypeCache.ScanAssembly (1ms)
			BuildScriptInfoCaches (161ms)
			ResolveRequiredComponents (6ms)
	FinalizeReload (939ms)
		ReleaseScriptCaches (0ms)
		RebuildScriptCaches (0ms)
		SetupLoadedEditorAssemblies (782ms)
			LogAssemblyErrors (0ms)
			InitializePlatformSupportModulesInManaged (23ms)
			SetLoadedEditorAssemblies (11ms)
			BeforeProcessingInitializeOnLoad (226ms)
			ProcessInitializeOnLoadAttributes (480ms)
			ProcessInitializeOnLoadMethodAttributes (33ms)
			AfterProcessingInitializeOnLoad (10ms)
			EditorAssembliesLoaded (0ms)
		ExecutionOrderSort2 (0ms)
		AwakeInstancesAfterBackupRestoration (8ms)
Refreshing native plugins compatible for Editor in 2.48 ms, found 3 plugins.
Preloading 0 native plugins for Editor in 0.00 ms.
Unloading 0 Unused Serialized files (Serialized files now loaded: 0)
Unloading 3950 unused Assets / (0.7 MB). Loaded Objects now: 4465.
Memory consumption went from 96.3 MB to 95.6 MB.
Total: 7.065400 ms (FindLiveObjects: 0.573500 ms CreateObjectMapping: 0.679200 ms MarkObjects: 4.548400 ms  DeleteObjects: 1.262500 ms)

Prepare: number of updated asset objects reloaded= 0
========================================================================
Received Import Request.
  Time since last request: 333.492131 seconds.
  path: Assets/Script/Core/Buildings/Smelter.cs
  artifactKey: Guid(6afc8c0e73735494d82233da157298f0) Importer(815301076,1909f56bfc062723c751e8b465ee728b)
Start importing Assets/Script/Core/Buildings/Smelter.cs using Guid(6afc8c0e73735494d82233da157298f0) Importer(815301076,1909f56bfc062723c751e8b465ee728b) (PreviewImporter) -> (artifact id: '00000000000000000000000000000000') in 0.0052131 seconds
Import Error Code:(4)
Message: Build asset version error: assets/script/core/buildings/smelter.cs in SourceAssetDB has modification time of '2026-08-09T17:44:54.2783371Z' while content on disk has modification time of '2026-08-09T17:45:01.6310169Z'
  ERROR: Build asset version error: assets/script/core/buildings/smelter.cs in SourceAssetDB has modification time of '2026-08-09T17:44:54.2783371Z' while content on disk has modification time of '2026-08-09T17:45:01.6310169Z'
Number of updated asset objects reloaded before import = 0Number of asset objects unloaded after import = 0

========================================================================
Received Import Request.
  Time since last request: 210.043144 seconds.
  path: Assets/ScriptableObjects/recipes/CooperIngotRecipe 1.asset
  artifactKey: Guid(381105f3eae4e0d4ea85f7ad6a9c4f6b) Importer(2089858483,192608db42251d675da83286b1cce702)
Start importing Assets/ScriptableObjects/recipes/CooperIngotRecipe 1.asset using Guid(381105f3eae4e0d4ea85f7ad6a9c4f6b) Importer(2089858483,192608db42251d675da83286b1cce702) (ScriptedImporter) -> (artifact id: 'c188d18ff62c863d07b73cfc08d377ce') in 0.2210511 seconds
Number of updated asset objects reloaded before import = 0Number of asset objects unloaded after import = 152

Editor requested this worker to shutdown with reason: Scaling down because of idle timeout
AssetImportWorker is now disconnected from the server
Process exiting
Exiting without the bug reporter. Application will terminate with return code 0