Using pre-set license
Built from '6000.0/staging' branch; Version is '6000.0.60f1 (f02d6f9f9009) revision 15740271'; Using compiler version '193933523'; Build Type 'Release'
OS: 'Windows 11  (10.0.26200) 64bit Professional' Language: 'ru' Physical Memory: 32090 MB
BatchMode: 1, IsHumanControllingUs: 0, StartBugReporterOnCrash: 0, Is64bit: 1
Date: 2026-08-09T15:40:08Z

COMMAND LINE ARGUMENTS:
C:\Program Files\Unity\Hub\Editor\6000.0.60f1\Editor\Unity.exe
-adb2
-batchMode
-noUpm
-name
AssetImportWorker6
-projectPath
C:/Users/step2/Desktop/Walk to biome
-logFile
Logs/AssetImportWorker6.log
-srvPort
52701
-job-worker-count
5
-background-job-worker-count
8
-gc-helper-count
1
-name
AssetImport
Successfully changed project path to: C:/Users/step2/Desktop/Walk to biome
C:/Users/step2/Desktop/Walk to biome
[UnityMemory] Configuration Parameters - Can be set up in boot.config
    "memorysetup-bucket-allocator-granularity=16"
    "memorysetup-bucket-allocator-bucket-count=8"
    "memorysetup-bucket-allocator-block-size=33554432"
    "memorysetup-bucket-allocator-block-count=8"
    "memorysetup-main-allocator-block-size=16777216"
    "memorysetup-thread-allocator-block-size=16777216"
    "memorysetup-gfx-main-allocator-block-size=16777216"
    "memorysetup-gfx-thread-allocator-block-size=16777216"
    "memorysetup-cache-allocator-block-size=4194304"
    "memorysetup-typetree-allocator-block-size=2097152"
    "memorysetup-profiler-bucket-allocator-granularity=16"
    "memorysetup-profiler-bucket-allocator-bucket-count=8"
    "memorysetup-profiler-bucket-allocator-block-size=33554432"
    "memorysetup-profiler-bucket-allocator-block-count=8"
    "memorysetup-profiler-allocator-block-size=16777216"
    "memorysetup-profiler-editor-allocator-block-size=1048576"
    "memorysetup-temp-allocator-size-main=16777216"
    "memorysetup-job-temp-allocator-block-size=2097152"
    "memorysetup-job-temp-allocator-block-size-background=1048576"
    "memorysetup-job-temp-allocator-reduction-small-platforms=262144"
    "memorysetup-allocator-temp-initial-block-size-main=262144"
    "memorysetup-allocator-temp-initial-block-size-worker=262144"
    "memorysetup-temp-allocator-size-background-worker=32768"
    "memorysetup-temp-allocator-size-job-worker=262144"
    "memorysetup-temp-allocator-size-preload-manager=33554432"
    "memorysetup-temp-allocator-size-nav-mesh-worker=65536"
    "memorysetup-temp-allocator-size-audio-worker=65536"
    "memorysetup-temp-allocator-size-cloud-worker=32768"
    "memorysetup-temp-allocator-size-gi-baking-worker=262144"
    "memorysetup-temp-allocator-size-gi-baking-worker=262144"
    "memorysetup-temp-allocator-size-gi-baking-worker=262144"
    "memorysetup-temp-allocator-size-gi-baking-worker=262144"
    "memorysetup-temp-allocator-size-gi-baking-worker=262144"
    "memorysetup-temp-allocator-size-gfx=262144"
Player connection [21216]  Target information:

Player connection [21216]  * "[IP] 192.168.0.16 [Port] 0 [Flags] 2 [Guid] 3779797086 [EditorId] 3779797086 [Version] 1048832 [Id] WindowsEditor(7,step) [Debug] 1 [PackageName] WindowsEditor [ProjectName] Editor" 

Player connection [21216]  * "[IP] 26.183.195.198 [Port] 0 [Flags] 2 [Guid] 3779797086 [EditorId] 3779797086 [Version] 1048832 [Id] WindowsEditor(7,step) [Debug] 1 [PackageName] WindowsEditor [ProjectName] Editor" 

Player connection [21216]  * "[IP] 198.18.0.1 [Port] 0 [Flags] 2 [Guid] 3779797086 [EditorId] 3779797086 [Version] 1048832 [Id] WindowsEditor(7,step) [Debug] 1 [PackageName] WindowsEditor [ProjectName] Editor" 

Player connection [21216] Host joined multi-casting on [225.0.0.222:54997]...
Player connection [21216] Host joined alternative multi-casting on [225.0.0.222:34997]...
JobSystem: Creating JobQueue using job-worker-count value 5
Input System module state changed to: Initialized.
[Physics::Module] Initialized fallback backend.
[Physics::Module] Id: 0xdecafbad
Library Redirect Path: Library/
[Physics::Module] Selected backend.
[Physics::Module] Name: PhysX
[Physics::Module] Id: 0xf2b8ea05
[Physics::Module] SDK Version: 4.1.2
[Physics::Module] Integration Version: 1.0.0
[Physics::Module] Threading Mode: Multi-Threaded
Refreshing native plugins compatible for Editor in 2.54 ms, found 3 plugins.
Preloading 0 native plugins for Editor in 0.00 ms.
Initialize engine version: 6000.0.60f1 (f02d6f9f9009)
[Subsystems] Discovering subsystems at path C:/Program Files/Unity/Hub/Editor/6000.0.60f1/Editor/Data/Resources/UnitySubsystems
[Subsystems] Discovering subsystems at path C:/Users/step2/Desktop/Walk to biome/Assets
GfxDevice: creating device client; kGfxThreadingModeNonThreaded
Direct3D:
    Version:  Direct3D 11.0 [level 11.1]
    Renderer: NVIDIA GeForce GTX 1650 (ID=0x1f9d)
    Vendor:   NVIDIA
    VRAM:     3935 MB
    Driver:   32.0.16.1062
Initialize mono
Mono path[0] = 'C:/Program Files/Unity/Hub/Editor/6000.0.60f1/Editor/Data/Managed'
Mono path[1] = 'C:/Program Files/Unity/Hub/Editor/6000.0.60f1/Editor/Data/MonoBleedingEdge/lib/mono/unityjit-win32'
Mono config path = 'C:/Program Files/Unity/Hub/Editor/6000.0.60f1/Editor/Data/MonoBleedingEdge/etc'
Using monoOptions --debugger-agent=transport=dt_socket,embedding=1,server=y,suspend=n,address=127.0.0.1:56944
Begin MonoManager ReloadAssembly
Registering precompiled unity dll's ...
Register platform support module: C:/Program Files/Unity/Hub/Editor/6000.0.60f1/Editor/Data/PlaybackEngines/WindowsStandaloneSupport/UnityEditor.WindowsStandalone.Extensions.dll
Register platform support module: C:/Program Files/Unity/Hub/Editor/6000.0.60f1/Editor/Data/PlaybackEngines/AndroidPlayer/UnityEditor.Android.Extensions.dll
Register platform support module: C:/Program Files/Unity/Hub/Editor/6000.0.60f1/Editor/Data/PlaybackEngines/iOSSupport/UnityEditor.iOS.Extensions.dll
Registered in 0.006763 seconds.
- Loaded All Assemblies, in  0.480 seconds
[usbmuxd] Start listen thread
[usbmuxd] Listen thread started
[usbmuxd] Send listen message
Native extension for iOS target not found
Native extension for Android target not found
Android Extension - Scanning For ADB Devices 285 ms
Native extension for WindowsStandalone target not found
Mono: successfully reloaded assembly
- Finished resetting the current domain, in  0.766 seconds
Domain Reload Profiling: 1242ms
	BeginReloadAssembly (158ms)
		ExecutionOrderSort (0ms)
		DisableScriptedObjects (0ms)
		BackupInstance (0ms)
		ReleaseScriptingObjects (0ms)
		CreateAndSetChildDomain (1ms)
	RebuildCommonClasses (44ms)
	RebuildNativeTypeToScriptingClass (14ms)
	initialDomainReloadingComplete (63ms)
	LoadAllAssembliesAndSetupDomain (196ms)
		LoadAssemblies (154ms)
		RebuildTransferFunctionScriptingTraits (0ms)
		AnalyzeDomain (191ms)
			TypeCache.Refresh (189ms)
				TypeCache.ScanAssembly (175ms)
			BuildScriptInfoCaches (0ms)
			ResolveRequiredComponents (1ms)
	FinalizeReload (767ms)
		ReleaseScriptCaches (0ms)
		RebuildScriptCaches (0ms)
		SetupLoadedEditorAssemblies (717ms)
			LogAssemblyErrors (0ms)
			InitializePlatformSupportModulesInManaged (395ms)
			SetLoadedEditorAssemblies (7ms)
			BeforeProcessingInitializeOnLoad (82ms)
			ProcessInitializeOnLoadAttributes (165ms)
			ProcessInitializeOnLoadMethodAttributes (67ms)
			AfterProcessingInitializeOnLoad (0ms)
			EditorAssembliesLoaded (0ms)
		ExecutionOrderSort2 (0ms)
		AwakeInstancesAfterBackupRestoration (0ms)
========================================================================
Worker process is ready to serve import requests
Import Worker Mode flag is 0x00
Begin MonoManager ReloadAssembly
- Loaded All Assemblies, in  0.923 seconds
Refreshing native plugins compatible for Editor in 1.62 ms, found 3 plugins.
Native extension for iOS target not found
Native extension for Android target not found
Native extension for WindowsStandalone target not found
Package Manager log level set to [2]
[Package Manager] Failed to launch server process. Reason: Unity was launched with the -noUpm command-line argument
[Package Manager] Unable to send message (not connected to server process).
[Package Manager] Cannot connect to Unity Package Manager local server
Mono: successfully reloaded assembly
- Finished resetting the current domain, in  0.885 seconds
Domain Reload Profiling: 1802ms
	BeginReloadAssembly (208ms)
		ExecutionOrderSort (0ms)
		DisableScriptedObjects (7ms)
		BackupInstance (0ms)
		ReleaseScriptingObjects (0ms)
		CreateAndSetChildDomain (37ms)
	RebuildCommonClasses (43ms)
	RebuildNativeTypeToScriptingClass (13ms)
	initialDomainReloadingComplete (50ms)
	LoadAllAssembliesAndSetupDomain (603ms)
		LoadAssemblies (465ms)
		RebuildTransferFunctionScriptingTraits (0ms)
		AnalyzeDomain (252ms)
			TypeCache.Refresh (210ms)
				TypeCache.ScanAssembly (192ms)
			BuildScriptInfoCaches (33ms)
			ResolveRequiredComponents (6ms)
	FinalizeReload (885ms)
		ReleaseScriptCaches (0ms)
		RebuildScriptCaches (0ms)
		SetupLoadedEditorAssemblies (744ms)
			LogAssemblyErrors (0ms)
			InitializePlatformSupportModulesInManaged (24ms)
			SetLoadedEditorAssemblies (8ms)
			BeforeProcessingInitializeOnLoad (201ms)
			ProcessInitializeOnLoadAttributes (471ms)
			ProcessInitializeOnLoadMethodAttributes (32ms)
			AfterProcessingInitializeOnLoad (8ms)
			EditorAssembliesLoaded (0ms)
		ExecutionOrderSort2 (0ms)
		AwakeInstancesAfterBackupRestoration (6ms)
Launched and connected shader compiler UnityShaderCompiler.exe after 0.01 seconds
Refreshing native plugins compatible for Editor in 1.52 ms, found 3 plugins.
Preloading 0 native plugins for Editor in 0.00 ms.
Unloading 0 Unused Serialized files (Serialized files now loaded: 0)
Unloading 3951 unused Assets / (1.1 MB). Loaded Objects now: 4460.
Memory consumption went from 95.3 MB to 94.2 MB.
Total: 6.750900 ms (FindLiveObjects: 0.525200 ms CreateObjectMapping: 0.277100 ms MarkObjects: 4.681100 ms  DeleteObjects: 1.265900 ms)

========================================================================
Received Import Request.
  Time since last request: 206868.217388 seconds.
  path: Assets/ScriptableObjects/items/coal ore.asset
  artifactKey: Guid(140c74c92837782438a56add0c025c4d) Importer(815301076,1909f56bfc062723c751e8b465ee728b)
Start importing Assets/ScriptableObjects/items/coal ore.asset using Guid(140c74c92837782438a56add0c025c4d) Importer(815301076,1909f56bfc062723c751e8b465ee728b) (PreviewImporter) -> (artifact id: '4f697032673e6002f32a46d7093e72cf') in 0.0250531 seconds
Number of updated asset objects reloaded before import = 0Number of asset objects unloaded after import = 35

========================================================================
Received Import Request.
  Time since last request: 15.195329 seconds.
  path: Assets/models/items/cooper_ingot.fbx
  artifactKey: Guid(d11a6afcbcbc4794cad106e9feada74e) Importer(2089858483,192608db42251d675da83286b1cce702)
Start importing Assets/models/items/cooper_ingot.fbx using Guid(d11a6afcbcbc4794cad106e9feada74e) Importer(2089858483,192608db42251d675da83286b1cce702) (ScriptedImporter) -> (artifact id: '19160dbd3a872477df4cd6fd287f05e1') in 0.2402738 seconds
Number of updated asset objects reloaded before import = 0Number of asset objects unloaded after import = 9

========================================================================
Received Import Request.
  Time since last request: 0.000048 seconds.
  path: Assets/ScriptableObjects/items/iron ore.asset
  artifactKey: Guid(21443c75f9e56ce45becb60f505bf5b9) Importer(2089858483,192608db42251d675da83286b1cce702)
Start importing Assets/ScriptableObjects/items/iron ore.asset using Guid(21443c75f9e56ce45becb60f505bf5b9) Importer(2089858483,192608db42251d675da83286b1cce702) (ScriptedImporter) -> (artifact id: 'e4335f68a29b98159aa51f97ff55f45a') in 0.0565543 seconds
Number of updated asset objects reloaded before import = 0Number of asset objects unloaded after import = 35

========================================================================
Received Import Request.
  Time since last request: 0.000062 seconds.
  path: Assets/BlenderSave/cooper_ingot.blend
  artifactKey: Guid(5a945613654fc9845b142d4fdd5a6b5f) Importer(2089858483,192608db42251d675da83286b1cce702)
Start importing Assets/BlenderSave/cooper_ingot.blend using Guid(5a945613654fc9845b142d4fdd5a6b5f) Importer(2089858483,192608db42251d675da83286b1cce702) (ScriptedImporter) -> (artifact id: '1b58409c4b285a35857e5e91cf47594c') in 0.0443293 seconds
Number of updated asset objects reloaded before import = 0Number of asset objects unloaded after import = 8

========================================================================
Received Import Request.
  Time since last request: 0.000029 seconds.
  path: Assets/BlenderSave/iron_ingot.blend
  artifactKey: Guid(370782819b593154585a9b6752739ebf) Importer(2089858483,192608db42251d675da83286b1cce702)
Start importing Assets/BlenderSave/iron_ingot.blend using Guid(370782819b593154585a9b6752739ebf) Importer(2089858483,192608db42251d675da83286b1cce702) (ScriptedImporter) -> (artifact id: '036f57be2305522feda2afa173cf1a0d') in 0.0428876 seconds
Number of updated asset objects reloaded before import = 0Number of asset objects unloaded after import = 8

========================================================================
Received Import Request.
  Time since last request: 0.000029 seconds.
  path: Assets/ScriptableObjects/items/Cooper Ingot.asset
  artifactKey: Guid(d94633f2ce269a444bcaf41dd83cc631) Importer(2089858483,192608db42251d675da83286b1cce702)
Start importing Assets/ScriptableObjects/items/Cooper Ingot.asset using Guid(d94633f2ce269a444bcaf41dd83cc631) Importer(2089858483,192608db42251d675da83286b1cce702) (ScriptedImporter) -> (artifact id: '7593b0ae97f6d443b85ad8ab3ec44b07') in 0.02325 seconds
Number of updated asset objects reloaded before import = 0Number of asset objects unloaded after import = 9

========================================================================
Received Import Request.
  Time since last request: 0.000029 seconds.
  path: Assets/ScriptableObjects/items/Iron Ingot.asset
  artifactKey: Guid(725d7895721123d41a73f359454d1d9c) Importer(2089858483,192608db42251d675da83286b1cce702)
Start importing Assets/ScriptableObjects/items/Iron Ingot.asset using Guid(725d7895721123d41a73f359454d1d9c) Importer(2089858483,192608db42251d675da83286b1cce702) (ScriptedImporter) -> (artifact id: 'ff3b61c8ea83dd0021ceda50749d7689') in 0.0260148 seconds
Number of updated asset objects reloaded before import = 0Number of asset objects unloaded after import = 9

========================================================================
Received Import Request.
  Time since last request: 0.000032 seconds.
  path: Assets/ScriptableObjects/items/coal ore.asset
  artifactKey: Guid(140c74c92837782438a56add0c025c4d) Importer(2089858483,192608db42251d675da83286b1cce702)
Start importing Assets/ScriptableObjects/items/coal ore.asset using Guid(140c74c92837782438a56add0c025c4d) Importer(2089858483,192608db42251d675da83286b1cce702) (ScriptedImporter) -> (artifact id: '828951321be74f21a405a2618500eb2f') in 0.0260437 seconds
Number of updated asset objects reloaded before import = 0Number of asset objects unloaded after import = 35

========================================================================
Received Import Request.
  Time since last request: 0.407602 seconds.
  path: Assets/ScriptableObjects/items/coal ore 1.asset
  artifactKey: Guid(eeacbef01248fa7488601b67af91a9aa) Importer(815301076,1909f56bfc062723c751e8b465ee728b)
Start importing Assets/ScriptableObjects/items/coal ore 1.asset using Guid(eeacbef01248fa7488601b67af91a9aa) Importer(815301076,1909f56bfc062723c751e8b465ee728b) (PreviewImporter) -> (artifact id: '502224a0fafde54b7b991a7ab18ed5f5') in 0.0031229 seconds
Number of updated asset objects reloaded before import = 0Number of asset objects unloaded after import = 35

========================================================================
Received Import Request.
  Time since last request: 0.878619 seconds.
  path: Assets/ScriptableObjects/items/coal ore 1.asset
  artifactKey: Guid(eeacbef01248fa7488601b67af91a9aa) Importer(2089858483,192608db42251d675da83286b1cce702)
Start importing Assets/ScriptableObjects/items/coal ore 1.asset using Guid(eeacbef01248fa7488601b67af91a9aa) Importer(2089858483,192608db42251d675da83286b1cce702) (ScriptedImporter) -> (artifact id: '392dd6d5cb3dfc1c0ad4059223b91ea0') in 0.0239202 seconds
Number of updated asset objects reloaded before import = 0Number of asset objects unloaded after import = 35

========================================================================
Received Import Request.
  Time since last request: 2.749186 seconds.
  path: Assets/ScriptableObjects/items/log.asset
  artifactKey: Guid(eeacbef01248fa7488601b67af91a9aa) Importer(815301076,1909f56bfc062723c751e8b465ee728b)
Start importing Assets/ScriptableObjects/items/log.asset using Guid(eeacbef01248fa7488601b67af91a9aa) Importer(815301076,1909f56bfc062723c751e8b465ee728b) (PreviewImporter) -> (artifact id: 'cfdef37586bca59736df2cf4d48b4542') in 0.0030669 seconds
Number of updated asset objects reloaded before import = 0Number of asset objects unloaded after import = 35

========================================================================
Received Import Request.
  Time since last request: 0.944521 seconds.
  path: Assets/ScriptableObjects/items/log.asset
  artifactKey: Guid(eeacbef01248fa7488601b67af91a9aa) Importer(2089858483,192608db42251d675da83286b1cce702)
Start importing Assets/ScriptableObjects/items/log.asset using Guid(eeacbef01248fa7488601b67af91a9aa) Importer(2089858483,192608db42251d675da83286b1cce702) (ScriptedImporter) -> (artifact id: 'c06bd2f44e42847834fa9f0d1bf38e4f') in 0.0244238 seconds
Number of updated asset objects reloaded before import = 0Number of asset objects unloaded after import = 35

========================================================================
Received Import Request.
  Time since last request: 18.386171 seconds.
  path: Assets/ScriptableObjects/items/log.asset
  artifactKey: Guid(eeacbef01248fa7488601b67af91a9aa) Importer(815301076,1909f56bfc062723c751e8b465ee728b)
Start importing Assets/ScriptableObjects/items/log.asset using Guid(eeacbef01248fa7488601b67af91a9aa) Importer(815301076,1909f56bfc062723c751e8b465ee728b) (PreviewImporter) -> (artifact id: 'd231700653b4a50a3c14e0607b374895') in 0.0029873 seconds
Number of updated asset objects reloaded before import = 0Number of asset objects unloaded after import = 35

========================================================================
Received Import Request.
  Time since last request: 0.913924 seconds.
  path: Assets/ScriptableObjects/items/log.asset
  artifactKey: Guid(eeacbef01248fa7488601b67af91a9aa) Importer(2089858483,192608db42251d675da83286b1cce702)
Start importing Assets/ScriptableObjects/items/log.asset using Guid(eeacbef01248fa7488601b67af91a9aa) Importer(2089858483,192608db42251d675da83286b1cce702) (ScriptedImporter) -> (artifact id: '5e5de204b4500e2051bceacdd8b7e09f') in 0.0204548 seconds
Number of updated asset objects reloaded before import = 0Number of asset objects unloaded after import = 35

========================================================================
Received Import Request.
  Time since last request: 6.241340 seconds.
  path: Assets/ScriptableObjects/items/plank.asset
  artifactKey: Guid(02edf08369bf87047ac1ac3d815c2513) Importer(815301076,1909f56bfc062723c751e8b465ee728b)
Start importing Assets/ScriptableObjects/items/plank.asset using Guid(02edf08369bf87047ac1ac3d815c2513) Importer(815301076,1909f56bfc062723c751e8b465ee728b) (PreviewImporter) -> (artifact id: 'afeac21c35c1666900670616424360f5') in 0.0026852 seconds
Number of updated asset objects reloaded before import = 0Number of asset objects unloaded after import = 35

========================================================================
Received Import Request.
  Time since last request: 0.956809 seconds.
  path: Assets/ScriptableObjects/items/plank.asset
  artifactKey: Guid(02edf08369bf87047ac1ac3d815c2513) Importer(2089858483,192608db42251d675da83286b1cce702)
Start importing Assets/ScriptableObjects/items/plank.asset using Guid(02edf08369bf87047ac1ac3d815c2513) Importer(2089858483,192608db42251d675da83286b1cce702) (ScriptedImporter) -> (artifact id: '60a132d6149618a141998443274b7742') in 0.0230435 seconds
Number of updated asset objects reloaded before import = 0Number of asset objects unloaded after import = 35

========================================================================
Received Import Request.
  Time since last request: 13.807888 seconds.
  path: Assets/ScriptableObjects/items/plank.asset
  artifactKey: Guid(02edf08369bf87047ac1ac3d815c2513) Importer(815301076,1909f56bfc062723c751e8b465ee728b)
Start importing Assets/ScriptableObjects/items/plank.asset using Guid(02edf08369bf87047ac1ac3d815c2513) Importer(815301076,1909f56bfc062723c751e8b465ee728b) (PreviewImporter) -> (artifact id: '23c5bbfb38a7636bd71cd8771626cd64') in 0.0033565 seconds
Number of updated asset objects reloaded before import = 0Number of asset objects unloaded after import = 9

========================================================================
Received Import Request.
  Time since last request: 0.926013 seconds.
  path: Assets/ScriptableObjects/items/plank.asset
  artifactKey: Guid(02edf08369bf87047ac1ac3d815c2513) Importer(2089858483,192608db42251d675da83286b1cce702)
Start importing Assets/ScriptableObjects/items/plank.asset using Guid(02edf08369bf87047ac1ac3d815c2513) Importer(2089858483,192608db42251d675da83286b1cce702) (ScriptedImporter) -> (artifact id: '5fbb89ef258bb885e918fdde0f711db6') in 0.0220446 seconds
Number of updated asset objects reloaded before import = 0Number of asset objects unloaded after import = 9

========================================================================
Received Import Request.
  Time since last request: 2.745653 seconds.
  path: Assets/ScriptableObjects/items/stone.asset
  artifactKey: Guid(e7230629525cd7949b7de909c563bd03) Importer(815301076,1909f56bfc062723c751e8b465ee728b)
Start importing Assets/ScriptableObjects/items/stone.asset using Guid(e7230629525cd7949b7de909c563bd03) Importer(815301076,1909f56bfc062723c751e8b465ee728b) (PreviewImporter) -> (artifact id: '42251ffcde5cf3c25471bf86bc384e79') in 0.0023163 seconds
Number of updated asset objects reloaded before import = 0Number of asset objects unloaded after import = 9

========================================================================
Received Import Request.
  Time since last request: 0.950053 seconds.
  path: Assets/ScriptableObjects/items/stone.asset
  artifactKey: Guid(e7230629525cd7949b7de909c563bd03) Importer(2089858483,192608db42251d675da83286b1cce702)
Start importing Assets/ScriptableObjects/items/stone.asset using Guid(e7230629525cd7949b7de909c563bd03) Importer(2089858483,192608db42251d675da83286b1cce702) (ScriptedImporter) -> (artifact id: '10b7c7613bbfbb8a0d203612ea1fe21e') in 0.0206133 seconds
Number of updated asset objects reloaded before import = 0Number of asset objects unloaded after import = 9

========================================================================
Received Import Request.
  Time since last request: 42.533874 seconds.
  path: Assets/images/item_icons/Снимок экрана 2026-08-09 184058.png
  artifactKey: Guid(c1120a68983625b4fa48ce8cd1776495) Importer(815301076,1909f56bfc062723c751e8b465ee728b)
Start importing Assets/images/item_icons/Снимок экрана 2026-08-09 184058.png using Guid(c1120a68983625b4fa48ce8cd1776495) Importer(815301076,1909f56bfc062723c751e8b465ee728b) (PreviewImporter) -> (artifact id: '71d4718e0fe6913234a0d921f83c3363') in 0.0691231 seconds
Number of updated asset objects reloaded before import = 0Number of asset objects unloaded after import = 2

========================================================================
Received Import Request.
  Time since last request: 0.000033 seconds.
  path: Assets/images/item_icons/Снимок экрана 2026-08-09 184115.png
  artifactKey: Guid(24825636ce7a7ba43a2b869cc7dc5f29) Importer(815301076,1909f56bfc062723c751e8b465ee728b)
Start importing Assets/images/item_icons/Снимок экрана 2026-08-09 184115.png using Guid(24825636ce7a7ba43a2b869cc7dc5f29) Importer(815301076,1909f56bfc062723c751e8b465ee728b) (PreviewImporter) -> (artifact id: 'adb74525577c936833b118b633463dd0') in 0.0301898 seconds
Number of updated asset objects reloaded before import = 0Number of asset objects unloaded after import = 2

========================================================================
Received Import Request.
  Time since last request: 0.000042 seconds.
  path: Assets/images/item_icons/Снимок экрана 2026-08-09 184109.png
  artifactKey: Guid(3631e7ecbf214f04bb32a479cb951f74) Importer(815301076,1909f56bfc062723c751e8b465ee728b)
Start importing Assets/images/item_icons/Снимок экрана 2026-08-09 184109.png using Guid(3631e7ecbf214f04bb32a479cb951f74) Importer(815301076,1909f56bfc062723c751e8b465ee728b) (PreviewImporter) -> (artifact id: '7379de37311e03475eee0abb0cb258e6') in 0.0326861 seconds
Number of updated asset objects reloaded before import = 0Number of asset objects unloaded after import = 2

========================================================================
Received Import Request.
  Time since last request: 0.000054 seconds.
  path: Assets/images/item_icons/Снимок экрана 2026-08-09 184121.png
  artifactKey: Guid(b320da272737b8940bd9b758a114e512) Importer(815301076,1909f56bfc062723c751e8b465ee728b)
Start importing Assets/images/item_icons/Снимок экрана 2026-08-09 184121.png using Guid(b320da272737b8940bd9b758a114e512) Importer(815301076,1909f56bfc062723c751e8b465ee728b) (PreviewImporter) -> (artifact id: '1664c5ec19934fc4fb704e8ac351cd12') in 0.0259087 seconds
Number of updated asset objects reloaded before import = 0Number of asset objects unloaded after import = 2

========================================================================
Received Import Request.
  Time since last request: 0.751511 seconds.
  path: Assets/images/item_icons/Снимок экрана 2026-08-09 184106.png
  artifactKey: Guid(84b0c48e566dff448bfcb86ea21c507a) Importer(2089858483,192608db42251d675da83286b1cce702)
Start importing Assets/images/item_icons/Снимок экрана 2026-08-09 184106.png using Guid(84b0c48e566dff448bfcb86ea21c507a) Importer(2089858483,192608db42251d675da83286b1cce702) (ScriptedImporter) -> (artifact id: '4c837ce2d85ca4ab970d4785bf42ec3e') in 0.088963 seconds
Number of updated asset objects reloaded before import = 0Number of asset objects unloaded after import = 1

========================================================================
Received Import Request.
  Time since last request: 0.000089 seconds.
  path: Assets/images/item_icons/Снимок экрана 2026-08-09 184109.png
  artifactKey: Guid(3631e7ecbf214f04bb32a479cb951f74) Importer(2089858483,192608db42251d675da83286b1cce702)
Start importing Assets/images/item_icons/Снимок экрана 2026-08-09 184109.png using Guid(3631e7ecbf214f04bb32a479cb951f74) Importer(2089858483,192608db42251d675da83286b1cce702) (ScriptedImporter) -> (artifact id: 'da80bbaea692b7e6f6f52ff7e3451cef') in 0.0364115 seconds
Number of updated asset objects reloaded before import = 0Number of asset objects unloaded after import = 1

========================================================================
Received Import Request.
  Time since last request: 0.000141 seconds.
  path: Assets/images/item_icons/Снимок экрана 2026-08-09 184121.png
  artifactKey: Guid(b320da272737b8940bd9b758a114e512) Importer(2089858483,192608db42251d675da83286b1cce702)
Start importing Assets/images/item_icons/Снимок экрана 2026-08-09 184121.png using Guid(b320da272737b8940bd9b758a114e512) Importer(2089858483,192608db42251d675da83286b1cce702) (ScriptedImporter) -> (artifact id: '1b102c61e245a705f78752e7b79e18b3') in 0.0421405 seconds
Number of updated asset objects reloaded before import = 0Number of asset objects unloaded after import = 1

========================================================================
Received Import Request.
  Time since last request: 0.000199 seconds.
  path: Assets/images/item_icons/Снимок экрана 2026-08-09 184113.png
  artifactKey: Guid(ac9d1855d84ec944ba49d4f1fe66d32f) Importer(2089858483,192608db42251d675da83286b1cce702)
Start importing Assets/images/item_icons/Снимок экрана 2026-08-09 184113.png using Guid(ac9d1855d84ec944ba49d4f1fe66d32f) Importer(2089858483,192608db42251d675da83286b1cce702) (ScriptedImporter) -> (artifact id: '08900ac84ef062ace829f694b6d04cd7') in 0.0429769 seconds
Number of updated asset objects reloaded before import = 0Number of asset objects unloaded after import = 1

========================================================================
Received Import Request.
  Time since last request: 99.549746 seconds.
  path: Assets/images/item_icons/cooper_ore_img.png
  artifactKey: Guid(3631e7ecbf214f04bb32a479cb951f74) Importer(815301076,1909f56bfc062723c751e8b465ee728b)
Start importing Assets/images/item_icons/cooper_ore_img.png using Guid(3631e7ecbf214f04bb32a479cb951f74) Importer(815301076,1909f56bfc062723c751e8b465ee728b) (PreviewImporter) -> (artifact id: '274dcd2a0f6cb98585c3be8a9a7df4da') in 0.0252518 seconds
Number of updated asset objects reloaded before import = 0Number of asset objects unloaded after import = 2

========================================================================
Received Import Request.
  Time since last request: 0.000035 seconds.
  path: Assets/images/item_icons/iron_ore_img.png
  artifactKey: Guid(24825636ce7a7ba43a2b869cc7dc5f29) Importer(815301076,1909f56bfc062723c751e8b465ee728b)
Start importing Assets/images/item_icons/iron_ore_img.png using Guid(24825636ce7a7ba43a2b869cc7dc5f29) Importer(815301076,1909f56bfc062723c751e8b465ee728b) (PreviewImporter) -> (artifact id: 'f5ff912f5dc83f5738f89fbc68ffd64f') in 0.0229933 seconds
Number of updated asset objects reloaded before import = 0Number of asset objects unloaded after import = 2

========================================================================
Received Import Request.
  Time since last request: 0.000033 seconds.
  path: Assets/images/item_icons/iron_ingot_img.png
  artifactKey: Guid(ac9d1855d84ec944ba49d4f1fe66d32f) Importer(815301076,1909f56bfc062723c751e8b465ee728b)
Start importing Assets/images/item_icons/iron_ingot_img.png using Guid(ac9d1855d84ec944ba49d4f1fe66d32f) Importer(815301076,1909f56bfc062723c751e8b465ee728b) (PreviewImporter) -> (artifact id: '34f858fd01904bcb82203146623ef4a4') in 0.0286219 seconds
Number of updated asset objects reloaded before import = 0Number of asset objects unloaded after import = 2

========================================================================
Received Import Request.
  Time since last request: 0.000060 seconds.
  path: Assets/images/item_icons/plank_img.png
  artifactKey: Guid(b320da272737b8940bd9b758a114e512) Importer(815301076,1909f56bfc062723c751e8b465ee728b)
Start importing Assets/images/item_icons/plank_img.png using Guid(b320da272737b8940bd9b758a114e512) Importer(815301076,1909f56bfc062723c751e8b465ee728b) (PreviewImporter) -> (artifact id: '7d139a93dadc41dbd9c5bb97d4c4cc5d') in 0.0272461 seconds
Number of updated asset objects reloaded before import = 0Number of asset objects unloaded after import = 2

========================================================================
Received Import Request.
  Time since last request: 4.877427 seconds.
  path: Assets/images/item_icons/cooper_ore_img.png
  artifactKey: Guid(3631e7ecbf214f04bb32a479cb951f74) Importer(815301076,1909f56bfc062723c751e8b465ee728b)
Start importing Assets/images/item_icons/cooper_ore_img.png using Guid(3631e7ecbf214f04bb32a479cb951f74) Importer(815301076,1909f56bfc062723c751e8b465ee728b) (PreviewImporter) -> (artifact id: 'ab4013cedcb4c8e6e5cd63772cc44e30') in 0.0124899 seconds
Number of updated asset objects reloaded before import = 0Number of asset objects unloaded after import = 2

========================================================================
Received Import Request.
  Time since last request: 0.000073 seconds.
  path: Assets/images/item_icons/iron_ore_img.png
  artifactKey: Guid(24825636ce7a7ba43a2b869cc7dc5f29) Importer(815301076,1909f56bfc062723c751e8b465ee728b)
Start importing Assets/images/item_icons/iron_ore_img.png using Guid(24825636ce7a7ba43a2b869cc7dc5f29) Importer(815301076,1909f56bfc062723c751e8b465ee728b) (PreviewImporter) -> (artifact id: 'bacc2979b7f0fe42b9b0a62aabb1f0f7') in 0.0114619 seconds
Number of updated asset objects reloaded before import = 0Number of asset objects unloaded after import = 2

========================================================================
Received Import Request.
  Time since last request: 0.000065 seconds.
  path: Assets/images/item_icons/plank_img.png
  artifactKey: Guid(b320da272737b8940bd9b758a114e512) Importer(815301076,1909f56bfc062723c751e8b465ee728b)
Start importing Assets/images/item_icons/plank_img.png using Guid(b320da272737b8940bd9b758a114e512) Importer(815301076,1909f56bfc062723c751e8b465ee728b) (PreviewImporter) -> (artifact id: '9e82dd7f5c4d6fd0bd94de2d2b9985d4') in 0.0160989 seconds
Number of updated asset objects reloaded before import = 0Number of asset objects unloaded after import = 2

========================================================================
Received Import Request.
  Time since last request: 4.730270 seconds.
  path: Assets/images/item_icons/cooper_ore_img.png
  artifactKey: Guid(3631e7ecbf214f04bb32a479cb951f74) Importer(815301076,1909f56bfc062723c751e8b465ee728b)
Start importing Assets/images/item_icons/cooper_ore_img.png using Guid(3631e7ecbf214f04bb32a479cb951f74) Importer(815301076,1909f56bfc062723c751e8b465ee728b) (PreviewImporter) -> (artifact id: 'a9581b09581b1ec8e1252a678052bc30') in 0.0725857 seconds
Number of updated asset objects reloaded before import = 0Number of asset objects unloaded after import = 3

========================================================================
Received Import Request.
  Time since last request: 0.000046 seconds.
  path: Assets/images/item_icons/stone_img.png
  artifactKey: Guid(90c4627191833a649a4c940a181574ef) Importer(815301076,1909f56bfc062723c751e8b465ee728b)
Start importing Assets/images/item_icons/stone_img.png using Guid(90c4627191833a649a4c940a181574ef) Importer(815301076,1909f56bfc062723c751e8b465ee728b) (PreviewImporter) -> (artifact id: '201097f244358da6dd8b0bb8570fe28b') in 0.0268432 seconds
Number of updated asset objects reloaded before import = 0Number of asset objects unloaded after import = 3

========================================================================
Received Import Request.
  Time since last request: 43.135169 seconds.
  path: Assets/ScriptableObjects/items/plank.asset
  artifactKey: Guid(02edf08369bf87047ac1ac3d815c2513) Importer(2089858483,192608db42251d675da83286b1cce702)
Start importing Assets/ScriptableObjects/items/plank.asset using Guid(02edf08369bf87047ac1ac3d815c2513) Importer(2089858483,192608db42251d675da83286b1cce702) (ScriptedImporter) -> (artifact id: '01e1968ee69393310e1de5ee8f1c6215') in 0.0235918 seconds
Number of updated asset objects reloaded before import = 0Number of asset objects unloaded after import = 9

========================================================================
Received Import Request.
  Time since last request: 0.000031 seconds.
  path: Assets/ScriptableObjects/items/log.asset
  artifactKey: Guid(eeacbef01248fa7488601b67af91a9aa) Importer(2089858483,192608db42251d675da83286b1cce702)
Start importing Assets/ScriptableObjects/items/log.asset using Guid(eeacbef01248fa7488601b67af91a9aa) Importer(2089858483,192608db42251d675da83286b1cce702) (ScriptedImporter) -> (artifact id: '0de0608bb02fc7f272cb03a7e595d805') in 0.0258904 seconds
Number of updated asset objects reloaded before import = 0Number of asset objects unloaded after import = 35

========================================================================
Received Import Request.
  Time since last request: 0.000026 seconds.
  path: Assets/ScriptableObjects/items/Coope rore.asset
  artifactKey: Guid(43ec0e9396945c64bbd4da95fb1e7f16) Importer(2089858483,192608db42251d675da83286b1cce702)
Start importing Assets/ScriptableObjects/items/Coope rore.asset using Guid(43ec0e9396945c64bbd4da95fb1e7f16) Importer(2089858483,192608db42251d675da83286b1cce702) (ScriptedImporter) -> (artifact id: 'c5296022e8da11925b87f73fb27b519a') in 0.0279641 seconds
Number of updated asset objects reloaded before import = 0Number of asset objects unloaded after import = 35

========================================================================
Received Import Request.
  Time since last request: 0.000048 seconds.
  path: Assets/ScriptableObjects/items/stone.asset
  artifactKey: Guid(e7230629525cd7949b7de909c563bd03) Importer(2089858483,192608db42251d675da83286b1cce702)
Start importing Assets/ScriptableObjects/items/stone.asset using Guid(e7230629525cd7949b7de909c563bd03) Importer(2089858483,192608db42251d675da83286b1cce702) (ScriptedImporter) -> (artifact id: '31a9015e632fd4078184353236101e60') in 0.0246392 seconds
Number of updated asset objects reloaded before import = 0Number of asset objects unloaded after import = 35

========================================================================
Received Import Request.
  Time since last request: 0.000027 seconds.
  path: Assets/ScriptableObjects/items/coal ore.asset
  artifactKey: Guid(140c74c92837782438a56add0c025c4d) Importer(2089858483,192608db42251d675da83286b1cce702)
Start importing Assets/ScriptableObjects/items/coal ore.asset using Guid(140c74c92837782438a56add0c025c4d) Importer(2089858483,192608db42251d675da83286b1cce702) (ScriptedImporter) -> (artifact id: '38ec2e9f958f31119acc943393ae09f6') in 0.0216934 seconds
Number of updated asset objects reloaded before import = 0Number of asset objects unloaded after import = 35

========================================================================
Received Import Request.
  Time since last request: 43.373315 seconds.
  path: Assets/ScriptableObjects/items/Coope rore.asset
  artifactKey: Guid(43ec0e9396945c64bbd4da95fb1e7f16) Importer(815301076,1909f56bfc062723c751e8b465ee728b)
Start importing Assets/ScriptableObjects/items/Coope rore.asset using Guid(43ec0e9396945c64bbd4da95fb1e7f16) Importer(815301076,1909f56bfc062723c751e8b465ee728b) (PreviewImporter) -> (artifact id: '570669549f147f37686d45309b2a9cf7') in 0.0033716 seconds
Number of updated asset objects reloaded before import = 0Number of asset objects unloaded after import = 35

========================================================================
Received Import Request.
  Time since last request: 0.000024 seconds.
  path: Assets/ScriptableObjects/items/log.asset
  artifactKey: Guid(eeacbef01248fa7488601b67af91a9aa) Importer(815301076,1909f56bfc062723c751e8b465ee728b)
Start importing Assets/ScriptableObjects/items/log.asset using Guid(eeacbef01248fa7488601b67af91a9aa) Importer(815301076,1909f56bfc062723c751e8b465ee728b) (PreviewImporter) -> (artifact id: '9d1d258562a6876338c62f5551af1977') in 0.0030498 seconds
Number of updated asset objects reloaded before import = 0Number of asset objects unloaded after import = 35

========================================================================
Received Import Request.
  Time since last request: 0.000032 seconds.
  path: Assets/ScriptableObjects/items/iron ore.asset
  artifactKey: Guid(21443c75f9e56ce45becb60f505bf5b9) Importer(815301076,1909f56bfc062723c751e8b465ee728b)
Start importing Assets/ScriptableObjects/items/iron ore.asset using Guid(21443c75f9e56ce45becb60f505bf5b9) Importer(815301076,1909f56bfc062723c751e8b465ee728b) (PreviewImporter) -> (artifact id: 'abe1926388b8c9f160b6a067e64789d4') in 0.0032209 seconds
Number of updated asset objects reloaded before import = 0Number of asset objects unloaded after import = 35

========================================================================
Received Import Request.
  Time since last request: 139.373196 seconds.
  path: Assets/BlenderSave/cooper_ingot.blend
  artifactKey: Guid(5a945613654fc9845b142d4fdd5a6b5f) Importer(815301076,1909f56bfc062723c751e8b465ee728b)
Start importing Assets/BlenderSave/cooper_ingot.blend using Guid(5a945613654fc9845b142d4fdd5a6b5f) Importer(815301076,1909f56bfc062723c751e8b465ee728b) (PreviewImporter) -> (artifact id: '80a464a920c511bf5862e4205cfd85bf') in 0.0864523 seconds
Number of updated asset objects reloaded before import = 0Number of asset objects unloaded after import = 8

========================================================================
Received Prepare
Refreshing native plugins compatible for Editor in 1.99 ms, found 3 plugins.
Preloading 0 native plugins for Editor in 0.00 ms.
Unloading 0 Unused Serialized files (Serialized files now loaded: 0)
Unloading 3942 unused Assets / (1.1 MB). Loaded Objects now: 4516.
Memory consumption went from 100.0 MB to 98.9 MB.
Total: 8.769200 ms (FindLiveObjects: 0.568100 ms CreateObjectMapping: 0.559700 ms MarkObjects: 6.259900 ms  DeleteObjects: 1.379400 ms)

Prepare: number of updated asset objects reloaded= 0
========================================================================
Received Prepare
Begin MonoManager ReloadAssembly
- Loaded All Assemblies, in  0.944 seconds
Refreshing native plugins compatible for Editor in 1.53 ms, found 3 plugins.
Native extension for iOS target not found
Native extension for Android target not found
Native extension for WindowsStandalone target not found
[Package Manager] Failed to launch server process. Reason: Unity was launched with the -noUpm command-line argument
[Package Manager] Unable to send message (not connected to server process).
[Package Manager] Cannot connect to Unity Package Manager local server
Mono: successfully reloaded assembly
- Finished resetting the current domain, in  0.849 seconds
Domain Reload Profiling: 1790ms
	BeginReloadAssembly (255ms)
		ExecutionOrderSort (0ms)
		DisableScriptedObjects (8ms)
		BackupInstance (0ms)
		ReleaseScriptingObjects (0ms)
		CreateAndSetChildDomain (61ms)
	RebuildCommonClasses (51ms)
	RebuildNativeTypeToScriptingClass (14ms)
	initialDomainReloadingComplete (43ms)
	LoadAllAssembliesAndSetupDomain (577ms)
		LoadAssemblies (499ms)
		RebuildTransferFunctionScriptingTraits (0ms)
		AnalyzeDomain (206ms)
			TypeCache.Refresh (10ms)
				TypeCache.ScanAssembly (1ms)
			BuildScriptInfoCaches (184ms)
			ResolveRequiredComponents (7ms)
	FinalizeReload (850ms)
		ReleaseScriptCaches (0ms)
		RebuildScriptCaches (0ms)
		SetupLoadedEditorAssemblies (717ms)
			LogAssemblyErrors (0ms)
			InitializePlatformSupportModulesInManaged (21ms)
			SetLoadedEditorAssemblies (8ms)
			BeforeProcessingInitializeOnLoad (204ms)
			ProcessInitializeOnLoadAttributes (443ms)
			ProcessInitializeOnLoadMethodAttributes (31ms)
			AfterProcessingInitializeOnLoad (9ms)
			EditorAssembliesLoaded (0ms)
		ExecutionOrderSort2 (0ms)
		AwakeInstancesAfterBackupRestoration (6ms)
Refreshing native plugins compatible for Editor in 1.50 ms, found 3 plugins.
Preloading 0 native plugins for Editor in 0.00 ms.
Unloading 0 Unused Serialized files (Serialized files now loaded: 0)
Unloading 3949 unused Assets / (0.8 MB). Loaded Objects now: 4516.
Memory consumption went from 101.2 MB to 100.4 MB.
Total: 7.036100 ms (FindLiveObjects: 0.598900 ms CreateObjectMapping: 0.406000 ms MarkObjects: 4.689500 ms  DeleteObjects: 1.339100 ms)

Prepare: number of updated asset objects reloaded= 0
========================================================================
Received Prepare
Begin MonoManager ReloadAssembly
- Loaded All Assemblies, in  0.889 seconds
Refreshing native plugins compatible for Editor in 1.62 ms, found 3 plugins.
Native extension for iOS target not found
Native extension for Android target not found
Native extension for WindowsStandalone target not found
[Package Manager] Failed to launch server process. Reason: Unity was launched with the -noUpm command-line argument
[Package Manager] Unable to send message (not connected to server process).
[Package Manager] Cannot connect to Unity Package Manager local server
Mono: successfully reloaded assembly
- Finished resetting the current domain, in  0.944 seconds
Domain Reload Profiling: 1829ms
	BeginReloadAssembly (235ms)
		ExecutionOrderSort (0ms)
		DisableScriptedObjects (9ms)
		BackupInstance (0ms)
		ReleaseScriptingObjects (0ms)
		CreateAndSetChildDomain (55ms)
	RebuildCommonClasses (42ms)
	RebuildNativeTypeToScriptingClass (14ms)
	initialDomainReloadingComplete (38ms)
	LoadAllAssembliesAndSetupDomain (555ms)
		LoadAssemblies (465ms)
		RebuildTransferFunctionScriptingTraits (0ms)
		AnalyzeDomain (204ms)
			TypeCache.Refresh (7ms)
				TypeCache.ScanAssembly (0ms)
			BuildScriptInfoCaches (185ms)
			ResolveRequiredComponents (6ms)
	FinalizeReload (945ms)
		ReleaseScriptCaches (0ms)
		RebuildScriptCaches (0ms)
		SetupLoadedEditorAssemblies (796ms)
			LogAssemblyErrors (0ms)
			InitializePlatformSupportModulesInManaged (25ms)
			SetLoadedEditorAssemblies (7ms)
			BeforeProcessingInitializeOnLoad (217ms)
			ProcessInitializeOnLoadAttributes (495ms)
			ProcessInitializeOnLoadMethodAttributes (42ms)
			AfterProcessingInitializeOnLoad (9ms)
			EditorAssembliesLoaded (0ms)
		ExecutionOrderSort2 (0ms)
		AwakeInstancesAfterBackupRestoration (8ms)
Refreshing native plugins compatible for Editor in 1.70 ms, found 3 plugins.
Preloading 0 native plugins for Editor in 0.00 ms.
Unloading 0 Unused Serialized files (Serialized files now loaded: 0)
Unloading 3949 unused Assets / (1.1 MB). Loaded Objects now: 4516.
Memory consumption went from 101.2 MB to 100.1 MB.
Total: 7.146800 ms (FindLiveObjects: 0.643900 ms CreateObjectMapping: 0.331900 ms MarkObjects: 4.543700 ms  DeleteObjects: 1.625400 ms)

Prepare: number of updated asset objects reloaded= 0
========================================================================
Received Prepare
Begin MonoManager ReloadAssembly
- Loaded All Assemblies, in  0.895 seconds
Refreshing native plugins compatible for Editor in 1.64 ms, found 3 plugins.
Native extension for iOS target not found
Native extension for Android target not found
Native extension for WindowsStandalone target not found
[Package Manager] Failed to launch server process. Reason: Unity was launched with the -noUpm command-line argument
[Package Manager] Unable to send message (not connected to server process).
[Package Manager] Cannot connect to Unity Package Manager local server
Mono: successfully reloaded assembly
- Finished resetting the current domain, in  0.892 seconds
Domain Reload Profiling: 1783ms
	BeginReloadAssembly (239ms)
		ExecutionOrderSort (0ms)
		DisableScriptedObjects (7ms)
		BackupInstance (0ms)
		ReleaseScriptingObjects (0ms)
		CreateAndSetChildDomain (57ms)
	RebuildCommonClasses (44ms)
	RebuildNativeTypeToScriptingClass (14ms)
	initialDomainReloadingComplete (40ms)
	LoadAllAssembliesAndSetupDomain (554ms)
		LoadAssemblies (480ms)
		RebuildTransferFunctionScriptingTraits (0ms)
		AnalyzeDomain (188ms)
			TypeCache.Refresh (6ms)
				TypeCache.ScanAssembly (0ms)
			BuildScriptInfoCaches (172ms)
			ResolveRequiredComponents (6ms)
	FinalizeReload (892ms)
		ReleaseScriptCaches (0ms)
		RebuildScriptCaches (0ms)
		SetupLoadedEditorAssemblies (746ms)
			LogAssemblyErrors (0ms)
			InitializePlatformSupportModulesInManaged (22ms)
			SetLoadedEditorAssemblies (10ms)
			BeforeProcessingInitializeOnLoad (226ms)
			ProcessInitializeOnLoadAttributes (444ms)
			ProcessInitializeOnLoadMethodAttributes (34ms)
			AfterProcessingInitializeOnLoad (10ms)
			EditorAssembliesLoaded (0ms)
		ExecutionOrderSort2 (0ms)
		AwakeInstancesAfterBackupRestoration (9ms)
Refreshing native plugins compatible for Editor in 2.23 ms, found 3 plugins.
Preloading 0 native plugins for Editor in 0.00 ms.
Unloading 0 Unused Serialized files (Serialized files now loaded: 0)
Unloading 3949 unused Assets / (1.3 MB). Loaded Objects now: 4516.
Memory consumption went from 101.2 MB to 99.9 MB.
Total: 7.840900 ms (FindLiveObjects: 0.548000 ms CreateObjectMapping: 0.427200 ms MarkObjects: 4.557800 ms  DeleteObjects: 2.306000 ms)

Prepare: number of updated asset objects reloaded= 0
========================================================================
Received Prepare
Refreshing native plugins compatible for Editor in 2.19 ms, found 3 plugins.
Preloading 0 native plugins for Editor in 0.00 ms.
Unloading 0 Unused Serialized files (Serialized files now loaded: 0)
Unloading 3942 unused Assets / (0.7 MB). Loaded Objects now: 4516.
Memory consumption went from 101.4 MB to 100.7 MB.
Total: 7.996500 ms (FindLiveObjects: 0.754000 ms CreateObjectMapping: 0.732300 ms MarkObjects: 5.375700 ms  DeleteObjects: 1.131900 ms)

Prepare: number of updated asset objects reloaded= 0
========================================================================
Received Prepare
Begin MonoManager ReloadAssembly
- Loaded All Assemblies, in  1.200 seconds
Refreshing native plugins compatible for Editor in 2.47 ms, found 3 plugins.
Native extension for iOS target not found
Native extension for Android target not found
Native extension for WindowsStandalone target not found
[Package Manager] Failed to launch server process. Reason: Unity was launched with the -noUpm command-line argument
[Package Manager] Unable to send message (not connected to server process).
[Package Manager] Cannot connect to Unity Package Manager local server
Mono: successfully reloaded assembly
- Finished resetting the current domain, in  1.208 seconds
Domain Reload Profiling: 2403ms
	BeginReloadAssembly (323ms)
		ExecutionOrderSort (0ms)
		DisableScriptedObjects (7ms)
		BackupInstance (0ms)
		ReleaseScriptingObjects (0ms)
		CreateAndSetChildDomain (65ms)
	RebuildCommonClasses (68ms)
	RebuildNativeTypeToScriptingClass (23ms)
	initialDomainReloadingComplete (59ms)
	LoadAllAssembliesAndSetupDomain (720ms)
		LoadAssemblies (644ms)
		RebuildTransferFunctionScriptingTraits (0ms)
		AnalyzeDomain (255ms)
			TypeCache.Refresh (12ms)
				TypeCache.ScanAssembly (1ms)
			BuildScriptInfoCaches (232ms)
			ResolveRequiredComponents (8ms)
	FinalizeReload (1209ms)
		ReleaseScriptCaches (0ms)
		RebuildScriptCaches (0ms)
		SetupLoadedEditorAssemblies (1030ms)
			LogAssemblyErrors (0ms)
			InitializePlatformSupportModulesInManaged (29ms)
			SetLoadedEditorAssemblies (15ms)
			BeforeProcessingInitializeOnLoad (325ms)
			ProcessInitializeOnLoadAttributes (609ms)
			ProcessInitializeOnLoadMethodAttributes (40ms)
			AfterProcessingInitializeOnLoad (12ms)
			EditorAssembliesLoaded (0ms)
		ExecutionOrderSort2 (0ms)
		AwakeInstancesAfterBackupRestoration (8ms)
Refreshing native plugins compatible for Editor in 2.30 ms, found 3 plugins.
Preloading 0 native plugins for Editor in 0.00 ms.
Unloading 0 Unused Serialized files (Serialized files now loaded: 0)
Unloading 3949 unused Assets / (1.3 MB). Loaded Objects now: 4516.
Memory consumption went from 101.2 MB to 99.9 MB.
Total: 10.715900 ms (FindLiveObjects: 0.707100 ms CreateObjectMapping: 0.537600 ms MarkObjects: 7.478200 ms  DeleteObjects: 1.990500 ms)

Prepare: number of updated asset objects reloaded= 0
========================================================================
Received Import Request.
  Time since last request: 4876.714626 seconds.
  path: Assets/models/Builders/conveer.fbx
  artifactKey: Guid(d13c8b9ba76077441843da695bbd793f) Importer(2089858483,192608db42251d675da83286b1cce702)
Start importing Assets/models/Builders/conveer.fbx using Guid(d13c8b9ba76077441843da695bbd793f) Importer(2089858483,192608db42251d675da83286b1cce702) (ScriptedImporter) -> (artifact id: '9942d5798f10b8398d6e26770152bc9b') in 0.3182369 seconds
Number of updated asset objects reloaded before import = 0Number of asset objects unloaded after import = 18

========================================================================
Received Import Request.
  Time since last request: 296.772361 seconds.
  path: Assets/models/Builders/Materials/Без имени.mat
  artifactKey: Guid(c9c3cdeee80ddad4e86b7368327d475e) Importer(2089858483,192608db42251d675da83286b1cce702)
Start importing Assets/models/Builders/Materials/Без имени.mat using Guid(c9c3cdeee80ddad4e86b7368327d475e) Importer(2089858483,192608db42251d675da83286b1cce702) (ScriptedImporter) -> (artifact id: '348f2427dfd787744f7036c1b31c0a73') in 0.0265924 seconds
Number of updated asset objects reloaded before import = 0Number of asset objects unloaded after import = 2

========================================================================
Received Import Request.
  Time since last request: 0.000116 seconds.
  path: Assets/models/Builders/Materials/Material.001.mat
  artifactKey: Guid(cdaf90ad0b9d40f41b63767d59de3849) Importer(2089858483,192608db42251d675da83286b1cce702)
Start importing Assets/models/Builders/Materials/Material.001.mat using Guid(cdaf90ad0b9d40f41b63767d59de3849) Importer(2089858483,192608db42251d675da83286b1cce702) (ScriptedImporter) -> (artifact id: '2534f96cdbceee0a02a54aa42e5a54ab') in 0.0208603 seconds
Number of updated asset objects reloaded before import = 0Number of asset objects unloaded after import = 1

========================================================================
Received Import Request.
  Time since last request: 656.394792 seconds.
  path: Assets/models/Builders/Materials/Material.001.mat
  artifactKey: Guid(cdaf90ad0b9d40f41b63767d59de3849) Importer(815301076,1909f56bfc062723c751e8b465ee728b)
Start importing Assets/models/Builders/Materials/Material.001.mat using Guid(cdaf90ad0b9d40f41b63767d59de3849) Importer(815301076,1909f56bfc062723c751e8b465ee728b) (PreviewImporter) -> (artifact id: '65c84028f74da22c92519be1f8045601') in 0.1437645 seconds
Number of updated asset objects reloaded before import = 0Number of asset objects unloaded after import = 1

========================================================================
Received Import Request.
  Time since last request: 13.007318 seconds.
  path: Assets/models/Builders/Materials/Material.001 1.mat
  artifactKey: Guid(d62743db18c9adf4280859eaa142d57b) Importer(815301076,1909f56bfc062723c751e8b465ee728b)
Start importing Assets/models/Builders/Materials/Material.001 1.mat using Guid(d62743db18c9adf4280859eaa142d57b) Importer(815301076,1909f56bfc062723c751e8b465ee728b) (PreviewImporter) -> (artifact id: '72d2d3e2616bc47e31e7f1ba8fbb286f') in 0.0210829 seconds
Number of updated asset objects reloaded before import = 0Number of asset objects unloaded after import = 1

========================================================================
Received Import Request.
  Time since last request: 0.844623 seconds.
  path: Assets/ScriptableObjects/recipes/IronIngotRecipe.asset
  artifactKey: Guid(b020d37925269d7479c9b83b0c017fbf) Importer(2089858483,192608db42251d675da83286b1cce702)
Start importing Assets/ScriptableObjects/recipes/IronIngotRecipe.asset using Guid(b020d37925269d7479c9b83b0c017fbf) Importer(2089858483,192608db42251d675da83286b1cce702) (ScriptedImporter) -> (artifact id: 'fd8ff3ad7fe21143c5540218dde7dc44') in 0.1419922 seconds
Number of updated asset objects reloaded before import = 0Number of asset objects unloaded after import = 45

========================================================================
Received Import Request.
  Time since last request: 0.000042 seconds.
  path: Assets/ScriptableObjects/recipes/CooperIngotRecipe 1.asset
  artifactKey: Guid(381105f3eae4e0d4ea85f7ad6a9c4f6b) Importer(2089858483,192608db42251d675da83286b1cce702)
Start importing Assets/ScriptableObjects/recipes/CooperIngotRecipe 1.asset using Guid(381105f3eae4e0d4ea85f7ad6a9c4f6b) Importer(2089858483,192608db42251d675da83286b1cce702) (ScriptedImporter) -> (artifact id: 'af819428a1078ebba5de9dfc2dcb07db') in 0.1325439 seconds
Number of updated asset objects reloaded before import = 0Number of asset objects unloaded after import = 118

========================================================================
Received Import Request.
  Time since last request: 0.000048 seconds.
  path: Assets/models/Builders/Materials/Без имени 1.mat
  artifactKey: Guid(163f7753a7a36d4408479eae97c09980) Importer(2089858483,192608db42251d675da83286b1cce702)
Start importing Assets/models/Builders/Materials/Без имени 1.mat using Guid(163f7753a7a36d4408479eae97c09980) Importer(2089858483,192608db42251d675da83286b1cce702) (ScriptedImporter) -> (artifact id: '28f4a57a535069209f0fda2853935042') in 0.0269285 seconds
Number of updated asset objects reloaded before import = 0Number of asset objects unloaded after import = 2

Editor requested this worker to shutdown with reason: Scaling down because of idle timeout
AssetImportWorker is now disconnected from the server
Process exiting
Exiting without the bug reporter. Application will terminate with return code 0