Using pre-set license
Built from '6000.0/staging' branch; Version is '6000.0.60f1 (f02d6f9f9009) revision 15740271'; Using compiler version '193933523'; Build Type 'Release'
OS: 'Windows 11  (10.0.26200) 64bit Professional' Language: 'ru' Physical Memory: 32090 MB
BatchMode: 1, IsHumanControllingUs: 0, StartBugReporterOnCrash: 0, Is64bit: 1
Date: 2026-08-10T16:43:16Z

COMMAND LINE ARGUMENTS:
C:\Program Files\Unity\Hub\Editor\6000.0.60f1\Editor\Unity.exe
-adb2
-batchMode
-noUpm
-name
AssetImportWorker1
-projectPath
C:/Users/step2/Desktop/Walk to biome
-logFile
Logs/AssetImportWorker1.log
-srvPort
51664
-job-worker-count
5
-background-job-worker-count
8
-gc-helper-count
1
-name
AssetImport
Successfully changed project path to: C:/Users/step2/Desktop/Walk to biome
C:/Users/step2/Desktop/Walk to biome
[UnityMemory] Configuration Parameters - Can be set up in boot.config
    "memorysetup-bucket-allocator-granularity=16"
    "memorysetup-bucket-allocator-bucket-count=8"
    "memorysetup-bucket-allocator-block-size=33554432"
    "memorysetup-bucket-allocator-block-count=8"
    "memorysetup-main-allocator-block-size=16777216"
    "memorysetup-thread-allocator-block-size=16777216"
    "memorysetup-gfx-main-allocator-block-size=16777216"
    "memorysetup-gfx-thread-allocator-block-size=16777216"
    "memorysetup-cache-allocator-block-size=4194304"
    "memorysetup-typetree-allocator-block-size=2097152"
    "memorysetup-profiler-bucket-allocator-granularity=16"
    "memorysetup-profiler-bucket-allocator-bucket-count=8"
    "memorysetup-profiler-bucket-allocator-block-size=33554432"
    "memorysetup-profiler-bucket-allocator-block-count=8"
    "memorysetup-profiler-allocator-block-size=16777216"
    "memorysetup-profiler-editor-allocator-block-size=1048576"
    "memorysetup-temp-allocator-size-main=16777216"
    "memorysetup-job-temp-allocator-block-size=2097152"
    "memorysetup-job-temp-allocator-block-size-background=1048576"
    "memorysetup-job-temp-allocator-reduction-small-platforms=262144"
    "memorysetup-allocator-temp-initial-block-size-main=262144"
    "memorysetup-allocator-temp-initial-block-size-worker=262144"
    "memorysetup-temp-allocator-size-background-worker=32768"
    "memorysetup-temp-allocator-size-job-worker=262144"
    "memorysetup-temp-allocator-size-preload-manager=33554432"
    "memorysetup-temp-allocator-size-nav-mesh-worker=65536"
    "memorysetup-temp-allocator-size-audio-worker=65536"
    "memorysetup-temp-allocator-size-cloud-worker=32768"
    "memorysetup-temp-allocator-size-gi-baking-worker=262144"
    "memorysetup-temp-allocator-size-gi-baking-worker=262144"
    "memorysetup-temp-allocator-size-gi-baking-worker=262144"
    "memorysetup-temp-allocator-size-gi-baking-worker=262144"
    "memorysetup-temp-allocator-size-gi-baking-worker=262144"
    "memorysetup-temp-allocator-size-gfx=262144"
Player connection [11884]  Target information:

Player connection [11884]  * "[IP] 26.183.195.198 [Port] 0 [Flags] 2 [Guid] 1325800366 [EditorId] 1325800366 [Version] 1048832 [Id] WindowsEditor(7,step) [Debug] 1 [PackageName] WindowsEditor [ProjectName] Editor" 

Player connection [11884]  * "[IP] 192.168.0.13 [Port] 0 [Flags] 2 [Guid] 1325800366 [EditorId] 1325800366 [Version] 1048832 [Id] WindowsEditor(7,step) [Debug] 1 [PackageName] WindowsEditor [ProjectName] Editor" 

Player connection [11884] Host joined multi-casting on [225.0.0.222:54997]...
Player connection [11884] Host joined alternative multi-casting on [225.0.0.222:34997]...
JobSystem: Creating JobQueue using job-worker-count value 5
Input System module state changed to: Initialized.
[Physics::Module] Initialized fallback backend.
[Physics::Module] Id: 0xdecafbad
Library Redirect Path: Library/
[Physics::Module] Selected backend.
[Physics::Module] Name: PhysX
[Physics::Module] Id: 0xf2b8ea05
[Physics::Module] SDK Version: 4.1.2
[Physics::Module] Integration Version: 1.0.0
[Physics::Module] Threading Mode: Multi-Threaded
Refreshing native plugins compatible for Editor in 3.19 ms, found 3 plugins.
Preloading 0 native plugins for Editor in 0.00 ms.
Initialize engine version: 6000.0.60f1 (f02d6f9f9009)
[Subsystems] Discovering subsystems at path C:/Program Files/Unity/Hub/Editor/6000.0.60f1/Editor/Data/Resources/UnitySubsystems
[Subsystems] Discovering subsystems at path C:/Users/step2/Desktop/Walk to biome/Assets
GfxDevice: creating device client; kGfxThreadingModeNonThreaded
Direct3D:
    Version:  Direct3D 11.0 [level 11.1]
    Renderer: NVIDIA GeForce GTX 1650 (ID=0x1f9d)
    Vendor:   NVIDIA
    VRAM:     3935 MB
    Driver:   32.0.16.1062
Initialize mono
Mono path[0] = 'C:/Program Files/Unity/Hub/Editor/6000.0.60f1/Editor/Data/Managed'
Mono path[1] = 'C:/Program Files/Unity/Hub/Editor/6000.0.60f1/Editor/Data/MonoBleedingEdge/lib/mono/unityjit-win32'
Mono config path = 'C:/Program Files/Unity/Hub/Editor/6000.0.60f1/Editor/Data/MonoBleedingEdge/etc'
Using monoOptions --debugger-agent=transport=dt_socket,embedding=1,server=y,suspend=n,address=127.0.0.1:56040
Begin MonoManager ReloadAssembly
Registering precompiled unity dll's ...
Register platform support module: C:/Program Files/Unity/Hub/Editor/6000.0.60f1/Editor/Data/PlaybackEngines/WindowsStandaloneSupport/UnityEditor.WindowsStandalone.Extensions.dll
Register platform support module: C:/Program Files/Unity/Hub/Editor/6000.0.60f1/Editor/Data/PlaybackEngines/AndroidPlayer/UnityEditor.Android.Extensions.dll
Register platform support module: C:/Program Files/Unity/Hub/Editor/6000.0.60f1/Editor/Data/PlaybackEngines/iOSSupport/UnityEditor.iOS.Extensions.dll
Registered in 0.007014 seconds.
- Loaded All Assemblies, in  0.547 seconds
[usbmuxd] Start listen thread
[usbmuxd] Listen thread started
[usbmuxd] Send listen message
Native extension for iOS target not found
Native extension for Android target not found
Android Extension - Scanning For ADB Devices 453 ms
Native extension for WindowsStandalone target not found
Mono: successfully reloaded assembly
- Finished resetting the current domain, in  1.102 seconds
Domain Reload Profiling: 1645ms
	BeginReloadAssembly (181ms)
		ExecutionOrderSort (0ms)
		DisableScriptedObjects (0ms)
		BackupInstance (0ms)
		ReleaseScriptingObjects (0ms)
		CreateAndSetChildDomain (1ms)
	RebuildCommonClasses (49ms)
	RebuildNativeTypeToScriptingClass (16ms)
	initialDomainReloadingComplete (76ms)
	LoadAllAssembliesAndSetupDomain (221ms)
		LoadAssemblies (176ms)
		RebuildTransferFunctionScriptingTraits (0ms)
		AnalyzeDomain (216ms)
			TypeCache.Refresh (213ms)
				TypeCache.ScanAssembly (195ms)
			BuildScriptInfoCaches (0ms)
			ResolveRequiredComponents (1ms)
	FinalizeReload (1103ms)
		ReleaseScriptCaches (0ms)
		RebuildScriptCaches (0ms)
		SetupLoadedEditorAssemblies (1042ms)
			LogAssemblyErrors (0ms)
			InitializePlatformSupportModulesInManaged (591ms)
			SetLoadedEditorAssemblies (8ms)
			BeforeProcessingInitializeOnLoad (95ms)
			ProcessInitializeOnLoadAttributes (249ms)
			ProcessInitializeOnLoadMethodAttributes (99ms)
			AfterProcessingInitializeOnLoad (0ms)
			EditorAssembliesLoaded (0ms)
		ExecutionOrderSort2 (0ms)
		AwakeInstancesAfterBackupRestoration (0ms)
========================================================================
Worker process is ready to serve import requests
Import Worker Mode flag is 0x00
Begin MonoManager ReloadAssembly
- Loaded All Assemblies, in  1.075 seconds
Refreshing native plugins compatible for Editor in 1.94 ms, found 3 plugins.
Native extension for iOS target not found
Native extension for Android target not found
Native extension for WindowsStandalone target not found
Package Manager log level set to [2]
[Package Manager] Failed to launch server process. Reason: Unity was launched with the -noUpm command-line argument
[Package Manager] Unable to send message (not connected to server process).
[Package Manager] Cannot connect to Unity Package Manager local server
Mono: successfully reloaded assembly
- Finished resetting the current domain, in  0.967 seconds
Domain Reload Profiling: 2036ms
	BeginReloadAssembly (240ms)
		ExecutionOrderSort (0ms)
		DisableScriptedObjects (8ms)
		BackupInstance (0ms)
		ReleaseScriptingObjects (0ms)
		CreateAndSetChildDomain (44ms)
	RebuildCommonClasses (50ms)
	RebuildNativeTypeToScriptingClass (17ms)
	initialDomainReloadingComplete (67ms)
	LoadAllAssembliesAndSetupDomain (695ms)
		LoadAssemblies (526ms)
		RebuildTransferFunctionScriptingTraits (0ms)
		AnalyzeDomain (303ms)
			TypeCache.Refresh (251ms)
				TypeCache.ScanAssembly (226ms)
			BuildScriptInfoCaches (41ms)
			ResolveRequiredComponents (5ms)
	FinalizeReload (968ms)
		ReleaseScriptCaches (0ms)
		RebuildScriptCaches (0ms)
		SetupLoadedEditorAssemblies (825ms)
			LogAssemblyErrors (0ms)
			InitializePlatformSupportModulesInManaged (20ms)
			SetLoadedEditorAssemblies (8ms)
			BeforeProcessingInitializeOnLoad (218ms)
			ProcessInitializeOnLoadAttributes (530ms)
			ProcessInitializeOnLoadMethodAttributes (38ms)
			AfterProcessingInitializeOnLoad (10ms)
			EditorAssembliesLoaded (1ms)
		ExecutionOrderSort2 (0ms)
		AwakeInstancesAfterBackupRestoration (9ms)
Launched and connected shader compiler UnityShaderCompiler.exe after 0.02 seconds
Refreshing native plugins compatible for Editor in 2.22 ms, found 3 plugins.
Preloading 0 native plugins for Editor in 0.00 ms.
Unloading 0 Unused Serialized files (Serialized files now loaded: 0)
Unloading 3953 unused Assets / (1.8 MB). Loaded Objects now: 4462.
Memory consumption went from 95.3 MB to 93.5 MB.
Total: 9.737800 ms (FindLiveObjects: 0.601100 ms CreateObjectMapping: 0.389000 ms MarkObjects: 6.203200 ms  DeleteObjects: 2.541100 ms)

========================================================================
Received Import Request.
  Time since last request: 296976.025846 seconds.
  path: Assets/models/Builders/Assembler_from_blender/Assembler.fbx
  artifactKey: Guid(c89c07f718d0e0c42bc4cd04817dc211) Importer(815301076,1909f56bfc062723c751e8b465ee728b)
Start importing Assets/models/Builders/Assembler_from_blender/Assembler.fbx using Guid(c89c07f718d0e0c42bc4cd04817dc211) Importer(815301076,1909f56bfc062723c751e8b465ee728b) (PreviewImporter) -> (artifact id: '765c3ff2ed4f57788479efe4ba614a84') in 0.3035712 seconds
Number of updated asset objects reloaded before import = 0Number of asset objects unloaded after import = 48

========================================================================
Received Import Request.
  Time since last request: 68.349582 seconds.
  path: Assets/models/Builders/Smelter_from_blender/Materials/Material.mat
  artifactKey: Guid(160fbee8205d248479c8389056307887) Importer(815301076,1909f56bfc062723c751e8b465ee728b)
Start importing Assets/models/Builders/Smelter_from_blender/Materials/Material.mat using Guid(160fbee8205d248479c8389056307887) Importer(815301076,1909f56bfc062723c751e8b465ee728b) (PreviewImporter) -> (artifact id: '8ad52d7b15ad20cf8d3ced57e192a5f6') in 0.0416766 seconds
Number of updated asset objects reloaded before import = 0Number of asset objects unloaded after import = 1

========================================================================
Received Import Request.
  Time since last request: 0.000149 seconds.
  path: Assets/models/Builders/Smelter_from_blender/Materials/Smelter.mat
  artifactKey: Guid(ec5a39088cc5dc6439cb9507151e35ee) Importer(815301076,1909f56bfc062723c751e8b465ee728b)
Start importing Assets/models/Builders/Smelter_from_blender/Materials/Smelter.mat using Guid(ec5a39088cc5dc6439cb9507151e35ee) Importer(815301076,1909f56bfc062723c751e8b465ee728b) (PreviewImporter) -> (artifact id: '7af201628147aa9ce3e4856c647144a9') in 0.0216665 seconds
Number of updated asset objects reloaded before import = 0Number of asset objects unloaded after import = 1

========================================================================
Received Import Request.
  Time since last request: 3259.731648 seconds.
  path: Assets/models/Builders/Smelter_from_blender/Materials/Untitled.png
  artifactKey: Guid(4c4cdebd680209e4fb77ea39fdc4aa03) Importer(815301076,1909f56bfc062723c751e8b465ee728b)
Start importing Assets/models/Builders/Smelter_from_blender/Materials/Untitled.png using Guid(4c4cdebd680209e4fb77ea39fdc4aa03) Importer(815301076,1909f56bfc062723c751e8b465ee728b) (PreviewImporter) -> (artifact id: '4553be6b07d57fb7de11118ad2de0134') in 0.0348062 seconds
Number of updated asset objects reloaded before import = 0Number of asset objects unloaded after import = 2

========================================================================
Received Import Request.
  Time since last request: 135.448269 seconds.
  path: Assets/models/Builders/Smelter_from_blender/Materials/Untitled.mat
  artifactKey: Guid(62d4fea3617d6ed4292263840354acbf) Importer(815301076,1909f56bfc062723c751e8b465ee728b)
Start importing Assets/models/Builders/Smelter_from_blender/Materials/Untitled.mat using Guid(62d4fea3617d6ed4292263840354acbf) Importer(815301076,1909f56bfc062723c751e8b465ee728b) (PreviewImporter) -> (artifact id: '2b33aab2d212ee331a6e6819fe352769') in 0.0305203 seconds
Number of updated asset objects reloaded before import = 0Number of asset objects unloaded after import = 2

========================================================================
Received Import Request.
  Time since last request: 36.720128 seconds.
  path: Assets/models/Builders/Smelter_from_blender/Smelter.fbm/Untitled.png
  artifactKey: Guid(049c6a3cdde62074dabab4a1312fa212) Importer(815301076,1909f56bfc062723c751e8b465ee728b)
Start importing Assets/models/Builders/Smelter_from_blender/Smelter.fbm/Untitled.png using Guid(049c6a3cdde62074dabab4a1312fa212) Importer(815301076,1909f56bfc062723c751e8b465ee728b) (PreviewImporter) -> (artifact id: '00000000000000000000000000000000') in 0.0111738 seconds
Import Error Code:(4)
Message: Build asset version error: assets/models/builders/smelter_from_blender/smelter.fbm/untitled.png in SourceAssetDB has modification time of '2026-08-10T17:40:58.5586755Z' while content on disk has modification time of '2026-08-10T17:40:58.78108Z'
  ERROR: Build asset version error: assets/models/builders/smelter_from_blender/smelter.fbm/untitled.png in SourceAssetDB has modification time of '2026-08-10T17:40:58.5586755Z' while content on disk has modification time of '2026-08-10T17:40:58.78108Z'
Number of updated asset objects reloaded before import = 0Number of asset objects unloaded after import = 0

========================================================================
Received Import Request.
  Time since last request: 0.094533 seconds.
  path: Assets/models/Builders/Smelter_from_blender/Smelter.fbm/Untitled.png
  artifactKey: Guid(049c6a3cdde62074dabab4a1312fa212) Importer(815301076,1909f56bfc062723c751e8b465ee728b)
Start importing Assets/models/Builders/Smelter_from_blender/Smelter.fbm/Untitled.png using Guid(049c6a3cdde62074dabab4a1312fa212) Importer(815301076,1909f56bfc062723c751e8b465ee728b) (PreviewImporter) -> (artifact id: '00000000000000000000000000000000') in 0.008774 seconds
Import Error Code:(4)
Message: Build asset version error: assets/models/builders/smelter_from_blender/smelter.fbm/untitled.png in SourceAssetDB has modification time of '2026-08-10T17:40:58.5586755Z' while content on disk has modification time of '2026-08-10T17:40:58.78108Z'
  ERROR: Build asset version error: assets/models/builders/smelter_from_blender/smelter.fbm/untitled.png in SourceAssetDB has modification time of '2026-08-10T17:40:58.5586755Z' while content on disk has modification time of '2026-08-10T17:40:58.78108Z'
Number of updated asset objects reloaded before import = 0Number of asset objects unloaded after import = 0

========================================================================
Received Import Request.
  Time since last request: 0.113795 seconds.
  path: Assets/models/Builders/Smelter_from_blender/Smelter.fbm/Untitled.png
  artifactKey: Guid(049c6a3cdde62074dabab4a1312fa212) Importer(815301076,1909f56bfc062723c751e8b465ee728b)
Start importing Assets/models/Builders/Smelter_from_blender/Smelter.fbm/Untitled.png using Guid(049c6a3cdde62074dabab4a1312fa212) Importer(815301076,1909f56bfc062723c751e8b465ee728b) (PreviewImporter) -> (artifact id: '00000000000000000000000000000000') in 0.0107349 seconds
Import Error Code:(4)
Message: Build asset version error: assets/models/builders/smelter_from_blender/smelter.fbm/untitled.png in SourceAssetDB has modification time of '2026-08-10T17:40:58.5586755Z' while content on disk has modification time of '2026-08-10T17:40:58.78108Z'
  ERROR: Build asset version error: assets/models/builders/smelter_from_blender/smelter.fbm/untitled.png in SourceAssetDB has modification time of '2026-08-10T17:40:58.5586755Z' while content on disk has modification time of '2026-08-10T17:40:58.78108Z'
Number of updated asset objects reloaded before import = 0Number of asset objects unloaded after import = 0

========================================================================
Received Import Request.
  Time since last request: 0.031430 seconds.
  path: Assets/models/Builders/Smelter_from_blender/Smelter.fbm/Untitled.png
  artifactKey: Guid(049c6a3cdde62074dabab4a1312fa212) Importer(815301076,1909f56bfc062723c751e8b465ee728b)
Start importing Assets/models/Builders/Smelter_from_blender/Smelter.fbm/Untitled.png using Guid(049c6a3cdde62074dabab4a1312fa212) Importer(815301076,1909f56bfc062723c751e8b465ee728b) (PreviewImporter) -> (artifact id: '00000000000000000000000000000000') in 0.0088375 seconds
Import Error Code:(4)
Message: Build asset version error: assets/models/builders/smelter_from_blender/smelter.fbm/untitled.png in SourceAssetDB has modification time of '2026-08-10T17:40:58.5586755Z' while content on disk has modification time of '2026-08-10T17:40:58.78108Z'
  ERROR: Build asset version error: assets/models/builders/smelter_from_blender/smelter.fbm/untitled.png in SourceAssetDB has modification time of '2026-08-10T17:40:58.5586755Z' while content on disk has modification time of '2026-08-10T17:40:58.78108Z'
Number of updated asset objects reloaded before import = 0Number of asset objects unloaded after import = 0

========================================================================
Received Import Request.
  Time since last request: 0.046819 seconds.
  path: Assets/models/Builders/Smelter_from_blender/Smelter.fbm/Untitled.png
  artifactKey: Guid(049c6a3cdde62074dabab4a1312fa212) Importer(815301076,1909f56bfc062723c751e8b465ee728b)
Start importing Assets/models/Builders/Smelter_from_blender/Smelter.fbm/Untitled.png using Guid(049c6a3cdde62074dabab4a1312fa212) Importer(815301076,1909f56bfc062723c751e8b465ee728b) (PreviewImporter) -> (artifact id: '00000000000000000000000000000000') in 0.009457 seconds
Import Error Code:(4)
Message: Build asset version error: assets/models/builders/smelter_from_blender/smelter.fbm/untitled.png in SourceAssetDB has modification time of '2026-08-10T17:40:58.5586755Z' while content on disk has modification time of '2026-08-10T17:40:58.78108Z'
  ERROR: Build asset version error: assets/models/builders/smelter_from_blender/smelter.fbm/untitled.png in SourceAssetDB has modification time of '2026-08-10T17:40:58.5586755Z' while content on disk has modification time of '2026-08-10T17:40:58.78108Z'
Number of updated asset objects reloaded before import = 0Number of asset objects unloaded after import = 0

========================================================================
Received Import Request.
  Time since last request: 0.001935 seconds.
  path: Assets/models/Builders/Smelter_from_blender/Smelter.fbm/Untitled.png
  artifactKey: Guid(049c6a3cdde62074dabab4a1312fa212) Importer(815301076,1909f56bfc062723c751e8b465ee728b)
Start importing Assets/models/Builders/Smelter_from_blender/Smelter.fbm/Untitled.png using Guid(049c6a3cdde62074dabab4a1312fa212) Importer(815301076,1909f56bfc062723c751e8b465ee728b) (PreviewImporter) -> (artifact id: '00000000000000000000000000000000') in 0.010121 seconds
Import Error Code:(4)
Message: Build asset version error: assets/models/builders/smelter_from_blender/smelter.fbm/untitled.png in SourceAssetDB has modification time of '2026-08-10T17:40:58.5586755Z' while content on disk has modification time of '2026-08-10T17:40:58.78108Z'
  ERROR: Build asset version error: assets/models/builders/smelter_from_blender/smelter.fbm/untitled.png in SourceAssetDB has modification time of '2026-08-10T17:40:58.5586755Z' while content on disk has modification time of '2026-08-10T17:40:58.78108Z'
Number of updated asset objects reloaded before import = 0Number of asset objects unloaded after import = 0

========================================================================
Received Import Request.
  Time since last request: 0.043567 seconds.
  path: Assets/models/Builders/Smelter_from_blender/Smelter.fbm/Untitled.png
  artifactKey: Guid(049c6a3cdde62074dabab4a1312fa212) Importer(815301076,1909f56bfc062723c751e8b465ee728b)
Start importing Assets/models/Builders/Smelter_from_blender/Smelter.fbm/Untitled.png using Guid(049c6a3cdde62074dabab4a1312fa212) Importer(815301076,1909f56bfc062723c751e8b465ee728b) (PreviewImporter) -> (artifact id: '00000000000000000000000000000000') in 0.0095704 seconds
Import Error Code:(4)
Message: Build asset version error: assets/models/builders/smelter_from_blender/smelter.fbm/untitled.png in SourceAssetDB has modification time of '2026-08-10T17:40:58.5586755Z' while content on disk has modification time of '2026-08-10T17:40:58.78108Z'
  ERROR: Build asset version error: assets/models/builders/smelter_from_blender/smelter.fbm/untitled.png in SourceAssetDB has modification time of '2026-08-10T17:40:58.5586755Z' while content on disk has modification time of '2026-08-10T17:40:58.78108Z'
Number of updated asset objects reloaded before import = 0Number of asset objects unloaded after import = 0

========================================================================
Received Import Request.
  Time since last request: 0.046169 seconds.
  path: Assets/models/Builders/Smelter_from_blender/Smelter.fbm/Untitled.png
  artifactKey: Guid(049c6a3cdde62074dabab4a1312fa212) Importer(815301076,1909f56bfc062723c751e8b465ee728b)
Start importing Assets/models/Builders/Smelter_from_blender/Smelter.fbm/Untitled.png using Guid(049c6a3cdde62074dabab4a1312fa212) Importer(815301076,1909f56bfc062723c751e8b465ee728b) (PreviewImporter) -> (artifact id: '00000000000000000000000000000000') in 0.0100751 seconds
Import Error Code:(4)
Message: Build asset version error: assets/models/builders/smelter_from_blender/smelter.fbm/untitled.png in SourceAssetDB has modification time of '2026-08-10T17:40:58.5586755Z' while content on disk has modification time of '2026-08-10T17:40:58.78108Z'
  ERROR: Build asset version error: assets/models/builders/smelter_from_blender/smelter.fbm/untitled.png in SourceAssetDB has modification time of '2026-08-10T17:40:58.5586755Z' while content on disk has modification time of '2026-08-10T17:40:58.78108Z'
Number of updated asset objects reloaded before import = 0Number of asset objects unloaded after import = 0

========================================================================
Received Import Request.
  Time since last request: 0.050310 seconds.
  path: Assets/models/Builders/Smelter_from_blender/Smelter.fbm/Untitled.png
  artifactKey: Guid(049c6a3cdde62074dabab4a1312fa212) Importer(815301076,1909f56bfc062723c751e8b465ee728b)
Start importing Assets/models/Builders/Smelter_from_blender/Smelter.fbm/Untitled.png using Guid(049c6a3cdde62074dabab4a1312fa212) Importer(815301076,1909f56bfc062723c751e8b465ee728b) (PreviewImporter) -> (artifact id: '00000000000000000000000000000000') in 0.0097196 seconds
Import Error Code:(4)
Message: Build asset version error: assets/models/builders/smelter_from_blender/smelter.fbm/untitled.png in SourceAssetDB has modification time of '2026-08-10T17:40:58.5586755Z' while content on disk has modification time of '2026-08-10T17:40:58.78108Z'
  ERROR: Build asset version error: assets/models/builders/smelter_from_blender/smelter.fbm/untitled.png in SourceAssetDB has modification time of '2026-08-10T17:40:58.5586755Z' while content on disk has modification time of '2026-08-10T17:40:58.78108Z'
Number of updated asset objects reloaded before import = 0Number of asset objects unloaded after import = 0

========================================================================
Received Import Request.
  Time since last request: 0.050253 seconds.
  path: Assets/models/Builders/Smelter_from_blender/Smelter.fbm/Untitled.png
  artifactKey: Guid(049c6a3cdde62074dabab4a1312fa212) Importer(815301076,1909f56bfc062723c751e8b465ee728b)
Start importing Assets/models/Builders/Smelter_from_blender/Smelter.fbm/Untitled.png using Guid(049c6a3cdde62074dabab4a1312fa212) Importer(815301076,1909f56bfc062723c751e8b465ee728b) (PreviewImporter) -> (artifact id: '00000000000000000000000000000000') in 0.0089062 seconds
Import Error Code:(4)
Message: Build asset version error: assets/models/builders/smelter_from_blender/smelter.fbm/untitled.png in SourceAssetDB has modification time of '2026-08-10T17:40:58.5586755Z' while content on disk has modification time of '2026-08-10T17:40:58.78108Z'
  ERROR: Build asset version error: assets/models/builders/smelter_from_blender/smelter.fbm/untitled.png in SourceAssetDB has modification time of '2026-08-10T17:40:58.5586755Z' while content on disk has modification time of '2026-08-10T17:40:58.78108Z'
Number of updated asset objects reloaded before import = 0Number of asset objects unloaded after import = 0

========================================================================
Received Import Request.
  Time since last request: 0.051663 seconds.
  path: Assets/models/Builders/Smelter_from_blender/Smelter.fbm/Untitled.png
  artifactKey: Guid(049c6a3cdde62074dabab4a1312fa212) Importer(815301076,1909f56bfc062723c751e8b465ee728b)
Start importing Assets/models/Builders/Smelter_from_blender/Smelter.fbm/Untitled.png using Guid(049c6a3cdde62074dabab4a1312fa212) Importer(815301076,1909f56bfc062723c751e8b465ee728b) (PreviewImporter) -> (artifact id: '00000000000000000000000000000000') in 0.0104126 seconds
Import Error Code:(4)
Message: Build asset version error: assets/models/builders/smelter_from_blender/smelter.fbm/untitled.png in SourceAssetDB has modification time of '2026-08-10T17:40:58.5586755Z' while content on disk has modification time of '2026-08-10T17:40:58.78108Z'
  ERROR: Build asset version error: assets/models/builders/smelter_from_blender/smelter.fbm/untitled.png in SourceAssetDB has modification time of '2026-08-10T17:40:58.5586755Z' while content on disk has modification time of '2026-08-10T17:40:58.78108Z'
Number of updated asset objects reloaded before import = 0Number of asset objects unloaded after import = 0

========================================================================
Received Import Request.
  Time since last request: 0.048371 seconds.
  path: Assets/models/Builders/Smelter_from_blender/Smelter.fbm/Untitled.png
  artifactKey: Guid(049c6a3cdde62074dabab4a1312fa212) Importer(815301076,1909f56bfc062723c751e8b465ee728b)
Start importing Assets/models/Builders/Smelter_from_blender/Smelter.fbm/Untitled.png using Guid(049c6a3cdde62074dabab4a1312fa212) Importer(815301076,1909f56bfc062723c751e8b465ee728b) (PreviewImporter) -> (artifact id: '00000000000000000000000000000000') in 0.0100742 seconds
Import Error Code:(4)
Message: Build asset version error: assets/models/builders/smelter_from_blender/smelter.fbm/untitled.png in SourceAssetDB has modification time of '2026-08-10T17:40:58.5586755Z' while content on disk has modification time of '2026-08-10T17:40:58.78108Z'
  ERROR: Build asset version error: assets/models/builders/smelter_from_blender/smelter.fbm/untitled.png in SourceAssetDB has modification time of '2026-08-10T17:40:58.5586755Z' while content on disk has modification time of '2026-08-10T17:40:58.78108Z'
Number of updated asset objects reloaded before import = 0Number of asset objects unloaded after import = 0

========================================================================
Received Import Request.
  Time since last request: 0.052575 seconds.
  path: Assets/models/Builders/Smelter_from_blender/Smelter.fbm/Untitled.png
  artifactKey: Guid(049c6a3cdde62074dabab4a1312fa212) Importer(815301076,1909f56bfc062723c751e8b465ee728b)
Start importing Assets/models/Builders/Smelter_from_blender/Smelter.fbm/Untitled.png using Guid(049c6a3cdde62074dabab4a1312fa212) Importer(815301076,1909f56bfc062723c751e8b465ee728b) (PreviewImporter) -> (artifact id: '00000000000000000000000000000000') in 0.0097961 seconds
Import Error Code:(4)
Message: Build asset version error: assets/models/builders/smelter_from_blender/smelter.fbm/untitled.png in SourceAssetDB has modification time of '2026-08-10T17:40:58.5586755Z' while content on disk has modification time of '2026-08-10T17:40:58.78108Z'
  ERROR: Build asset version error: assets/models/builders/smelter_from_blender/smelter.fbm/untitled.png in SourceAssetDB has modification time of '2026-08-10T17:40:58.5586755Z' while content on disk has modification time of '2026-08-10T17:40:58.78108Z'
Number of updated asset objects reloaded before import = 0Number of asset objects unloaded after import = 0

========================================================================
Received Import Request.
  Time since last request: 0.050635 seconds.
  path: Assets/models/Builders/Smelter_from_blender/Smelter.fbm/Untitled.png
  artifactKey: Guid(049c6a3cdde62074dabab4a1312fa212) Importer(815301076,1909f56bfc062723c751e8b465ee728b)
Start importing Assets/models/Builders/Smelter_from_blender/Smelter.fbm/Untitled.png using Guid(049c6a3cdde62074dabab4a1312fa212) Importer(815301076,1909f56bfc062723c751e8b465ee728b) (PreviewImporter) -> (artifact id: '00000000000000000000000000000000') in 0.0101832 seconds
Import Error Code:(4)
Message: Build asset version error: assets/models/builders/smelter_from_blender/smelter.fbm/untitled.png in SourceAssetDB has modification time of '2026-08-10T17:40:58.5586755Z' while content on disk has modification time of '2026-08-10T17:40:58.78108Z'
  ERROR: Build asset version error: assets/models/builders/smelter_from_blender/smelter.fbm/untitled.png in SourceAssetDB has modification time of '2026-08-10T17:40:58.5586755Z' while content on disk has modification time of '2026-08-10T17:40:58.78108Z'
Number of updated asset objects reloaded before import = 0Number of asset objects unloaded after import = 0

========================================================================
Received Import Request.
  Time since last request: 0.045920 seconds.
  path: Assets/models/Builders/Smelter_from_blender/Smelter.fbm/Untitled.png
  artifactKey: Guid(049c6a3cdde62074dabab4a1312fa212) Importer(815301076,1909f56bfc062723c751e8b465ee728b)
Start importing Assets/models/Builders/Smelter_from_blender/Smelter.fbm/Untitled.png using Guid(049c6a3cdde62074dabab4a1312fa212) Importer(815301076,1909f56bfc062723c751e8b465ee728b) (PreviewImporter) -> (artifact id: '00000000000000000000000000000000') in 0.0092202 seconds
Import Error Code:(4)
Message: Build asset version error: assets/models/builders/smelter_from_blender/smelter.fbm/untitled.png in SourceAssetDB has modification time of '2026-08-10T17:40:58.5586755Z' while content on disk has modification time of '2026-08-10T17:40:58.78108Z'
  ERROR: Build asset version error: assets/models/builders/smelter_from_blender/smelter.fbm/untitled.png in SourceAssetDB has modification time of '2026-08-10T17:40:58.5586755Z' while content on disk has modification time of '2026-08-10T17:40:58.78108Z'
Number of updated asset objects reloaded before import = 0Number of asset objects unloaded after import = 0

========================================================================
Received Import Request.
  Time since last request: 0.044487 seconds.
  path: Assets/models/Builders/Smelter_from_blender/Smelter.fbm/Untitled.png
  artifactKey: Guid(049c6a3cdde62074dabab4a1312fa212) Importer(815301076,1909f56bfc062723c751e8b465ee728b)
Start importing Assets/models/Builders/Smelter_from_blender/Smelter.fbm/Untitled.png using Guid(049c6a3cdde62074dabab4a1312fa212) Importer(815301076,1909f56bfc062723c751e8b465ee728b) (PreviewImporter) -> (artifact id: '00000000000000000000000000000000') in 0.0099821 seconds
Import Error Code:(4)
Message: Build asset version error: assets/models/builders/smelter_from_blender/smelter.fbm/untitled.png in SourceAssetDB has modification time of '2026-08-10T17:40:58.5586755Z' while content on disk has modification time of '2026-08-10T17:40:58.78108Z'
  ERROR: Build asset version error: assets/models/builders/smelter_from_blender/smelter.fbm/untitled.png in SourceAssetDB has modification time of '2026-08-10T17:40:58.5586755Z' while content on disk has modification time of '2026-08-10T17:40:58.78108Z'
Number of updated asset objects reloaded before import = 0Number of asset objects unloaded after import = 0

========================================================================
Received Import Request.
  Time since last request: 0.048125 seconds.
  path: Assets/models/Builders/Smelter_from_blender/Smelter.fbm/Untitled.png
  artifactKey: Guid(049c6a3cdde62074dabab4a1312fa212) Importer(815301076,1909f56bfc062723c751e8b465ee728b)
Start importing Assets/models/Builders/Smelter_from_blender/Smelter.fbm/Untitled.png using Guid(049c6a3cdde62074dabab4a1312fa212) Importer(815301076,1909f56bfc062723c751e8b465ee728b) (PreviewImporter) -> (artifact id: '00000000000000000000000000000000') in 0.0109231 seconds
Import Error Code:(4)
Message: Build asset version error: assets/models/builders/smelter_from_blender/smelter.fbm/untitled.png in SourceAssetDB has modification time of '2026-08-10T17:40:58.5586755Z' while content on disk has modification time of '2026-08-10T17:40:58.78108Z'
  ERROR: Build asset version error: assets/models/builders/smelter_from_blender/smelter.fbm/untitled.png in SourceAssetDB has modification time of '2026-08-10T17:40:58.5586755Z' while content on disk has modification time of '2026-08-10T17:40:58.78108Z'
Number of updated asset objects reloaded before import = 0Number of asset objects unloaded after import = 0

========================================================================
Received Import Request.
  Time since last request: 0.047741 seconds.
  path: Assets/models/Builders/Smelter_from_blender/Smelter.fbm/Untitled.png
  artifactKey: Guid(049c6a3cdde62074dabab4a1312fa212) Importer(815301076,1909f56bfc062723c751e8b465ee728b)
Start importing Assets/models/Builders/Smelter_from_blender/Smelter.fbm/Untitled.png using Guid(049c6a3cdde62074dabab4a1312fa212) Importer(815301076,1909f56bfc062723c751e8b465ee728b) (PreviewImporter) -> (artifact id: '00000000000000000000000000000000') in 0.0109555 seconds
Import Error Code:(4)
Message: Build asset version error: assets/models/builders/smelter_from_blender/smelter.fbm/untitled.png in SourceAssetDB has modification time of '2026-08-10T17:40:58.5586755Z' while content on disk has modification time of '2026-08-10T17:40:58.78108Z'
  ERROR: Build asset version error: assets/models/builders/smelter_from_blender/smelter.fbm/untitled.png in SourceAssetDB has modification time of '2026-08-10T17:40:58.5586755Z' while content on disk has modification time of '2026-08-10T17:40:58.78108Z'
Number of updated asset objects reloaded before import = 0Number of asset objects unloaded after import = 0

========================================================================
Received Import Request.
  Time since last request: 0.046548 seconds.
  path: Assets/models/Builders/Smelter_from_blender/Smelter.fbm/Untitled.png
  artifactKey: Guid(049c6a3cdde62074dabab4a1312fa212) Importer(815301076,1909f56bfc062723c751e8b465ee728b)
Start importing Assets/models/Builders/Smelter_from_blender/Smelter.fbm/Untitled.png using Guid(049c6a3cdde62074dabab4a1312fa212) Importer(815301076,1909f56bfc062723c751e8b465ee728b) (PreviewImporter) -> (artifact id: '00000000000000000000000000000000') in 0.009424 seconds
Import Error Code:(4)
Message: Build asset version error: assets/models/builders/smelter_from_blender/smelter.fbm/untitled.png in SourceAssetDB has modification time of '2026-08-10T17:40:58.5586755Z' while content on disk has modification time of '2026-08-10T17:40:58.78108Z'
  ERROR: Build asset version error: assets/models/builders/smelter_from_blender/smelter.fbm/untitled.png in SourceAssetDB has modification time of '2026-08-10T17:40:58.5586755Z' while content on disk has modification time of '2026-08-10T17:40:58.78108Z'
Number of updated asset objects reloaded before import = 0Number of asset objects unloaded after import = 0

========================================================================
Received Import Request.
  Time since last request: 0.049294 seconds.
  path: Assets/models/Builders/Smelter_from_blender/Smelter.fbm/Untitled.png
  artifactKey: Guid(049c6a3cdde62074dabab4a1312fa212) Importer(815301076,1909f56bfc062723c751e8b465ee728b)
Start importing Assets/models/Builders/Smelter_from_blender/Smelter.fbm/Untitled.png using Guid(049c6a3cdde62074dabab4a1312fa212) Importer(815301076,1909f56bfc062723c751e8b465ee728b) (PreviewImporter) -> (artifact id: '00000000000000000000000000000000') in 0.0108078 seconds
Import Error Code:(4)
Message: Build asset version error: assets/models/builders/smelter_from_blender/smelter.fbm/untitled.png in SourceAssetDB has modification time of '2026-08-10T17:40:58.5586755Z' while content on disk has modification time of '2026-08-10T17:40:58.78108Z'
  ERROR: Build asset version error: assets/models/builders/smelter_from_blender/smelter.fbm/untitled.png in SourceAssetDB has modification time of '2026-08-10T17:40:58.5586755Z' while content on disk has modification time of '2026-08-10T17:40:58.78108Z'
Number of updated asset objects reloaded before import = 0Number of asset objects unloaded after import = 0

========================================================================
Received Import Request.
  Time since last request: 0.047745 seconds.
  path: Assets/models/Builders/Smelter_from_blender/Smelter.fbm/Untitled.png
  artifactKey: Guid(049c6a3cdde62074dabab4a1312fa212) Importer(815301076,1909f56bfc062723c751e8b465ee728b)
Start importing Assets/models/Builders/Smelter_from_blender/Smelter.fbm/Untitled.png using Guid(049c6a3cdde62074dabab4a1312fa212) Importer(815301076,1909f56bfc062723c751e8b465ee728b) (PreviewImporter) -> (artifact id: '00000000000000000000000000000000') in 0.0099943 seconds
Import Error Code:(4)
Message: Build asset version error: assets/models/builders/smelter_from_blender/smelter.fbm/untitled.png in SourceAssetDB has modification time of '2026-08-10T17:40:58.5586755Z' while content on disk has modification time of '2026-08-10T17:40:58.78108Z'
  ERROR: Build asset version error: assets/models/builders/smelter_from_blender/smelter.fbm/untitled.png in SourceAssetDB has modification time of '2026-08-10T17:40:58.5586755Z' while content on disk has modification time of '2026-08-10T17:40:58.78108Z'
Number of updated asset objects reloaded before import = 0Number of asset objects unloaded after import = 0

========================================================================
Received Import Request.
  Time since last request: 146.096046 seconds.
  path: Assets/models/Builders/Smelter_from_blender/Materials/Material.001 1.mat
  artifactKey: Guid(c885579bf838f594593848e812df8f1c) Importer(815301076,1909f56bfc062723c751e8b465ee728b)
Start importing Assets/models/Builders/Smelter_from_blender/Materials/Material.001 1.mat using Guid(c885579bf838f594593848e812df8f1c) Importer(815301076,1909f56bfc062723c751e8b465ee728b) (PreviewImporter) -> (artifact id: '1082e2d667e1a41a9702fda5ea8a0d11') in 0.0139134 seconds
Number of updated asset objects reloaded before import = 0Number of asset objects unloaded after import = 2

========================================================================
Received Import Request.
  Time since last request: 546.119480 seconds.
  path: Assets/models/Builders/Assembler_Mode.prefab
  artifactKey: Guid(a4a639d0ea873f94caf351456ba0a6a1) Importer(815301076,1909f56bfc062723c751e8b465ee728b)
Start importing Assets/models/Builders/Assembler_Mode.prefab using Guid(a4a639d0ea873f94caf351456ba0a6a1) Importer(815301076,1909f56bfc062723c751e8b465ee728b) (PreviewImporter) -> (artifact id: '2bd1e83a952518862f182f8ce6bccee2') in 0.0386655 seconds
Number of updated asset objects reloaded before import = 0Number of asset objects unloaded after import = 141

========================================================================
Received Import Request.
  Time since last request: 105.934877 seconds.
  path: Assets/models/Builders/Assembler_Mode.prefab
  artifactKey: Guid(a4a639d0ea873f94caf351456ba0a6a1) Importer(815301076,1909f56bfc062723c751e8b465ee728b)
Start importing Assets/models/Builders/Assembler_Mode.prefab using Guid(a4a639d0ea873f94caf351456ba0a6a1) Importer(815301076,1909f56bfc062723c751e8b465ee728b) (PreviewImporter) -> (artifact id: 'f1a7dbf832c393f652c303be66e8e699') in 0.023288 seconds
Number of updated asset objects reloaded before import = 0Number of asset objects unloaded after import = 86

========================================================================
Received Import Request.
  Time since last request: 0.000025 seconds.
  path: Assets/models/Builders/Assembler_Model_ghost.prefab
  artifactKey: Guid(5f987cf987c548242b4044c57ef21111) Importer(815301076,1909f56bfc062723c751e8b465ee728b)
Start importing Assets/models/Builders/Assembler_Model_ghost.prefab using Guid(5f987cf987c548242b4044c57ef21111) Importer(815301076,1909f56bfc062723c751e8b465ee728b) (PreviewImporter) -> (artifact id: 'b1a75d9897eeee330f00fe9c46f351ff') in 0.0246425 seconds
Number of updated asset objects reloaded before import = 0Number of asset objects unloaded after import = 86

========================================================================
Received Import Request.
  Time since last request: 3.214756 seconds.
  path: Assets/models/Builders/Assembler_from_blender/Materials/Material.002.mat
  artifactKey: Guid(ef00c753c0eb3414ebb09bf79629cc5d) Importer(815301076,1909f56bfc062723c751e8b465ee728b)
Start importing Assets/models/Builders/Assembler_from_blender/Materials/Material.002.mat using Guid(ef00c753c0eb3414ebb09bf79629cc5d) Importer(815301076,1909f56bfc062723c751e8b465ee728b) (PreviewImporter) -> (artifact id: 'db3e10ebf97d9653020e9c897ec507df') in 0.023551 seconds
Number of updated asset objects reloaded before import = 0Number of asset objects unloaded after import = 1

========================================================================
Received Import Request.
  Time since last request: 0.000152 seconds.
  path: Assets/models/Builders/Assembler_from_blender/Materials/Без имени.mat
  artifactKey: Guid(391d6028d140f2a45b17d4207a86db01) Importer(815301076,1909f56bfc062723c751e8b465ee728b)
Start importing Assets/models/Builders/Assembler_from_blender/Materials/Без имени.mat using Guid(391d6028d140f2a45b17d4207a86db01) Importer(815301076,1909f56bfc062723c751e8b465ee728b) (PreviewImporter) -> (artifact id: '65e9741479a01ff1919397dbd0d3ed11') in 0.0272863 seconds
Number of updated asset objects reloaded before import = 0Number of asset objects unloaded after import = 2

========================================================================
Received Import Request.
  Time since last request: 38.557877 seconds.
  path: Assets/models/Builders/Assembler_from_blender/Materials/Material.001 1.mat
  artifactKey: Guid(2c8e01ff35f48894eb95eb94127c47e1) Importer(815301076,1909f56bfc062723c751e8b465ee728b)
Start importing Assets/models/Builders/Assembler_from_blender/Materials/Material.001 1.mat using Guid(2c8e01ff35f48894eb95eb94127c47e1) Importer(815301076,1909f56bfc062723c751e8b465ee728b) (PreviewImporter) -> (artifact id: '60c1ddc7dbc37c131bd4d55a25a364bd') in 0.0235557 seconds
Number of updated asset objects reloaded before import = 0Number of asset objects unloaded after import = 1

========================================================================
Received Import Request.
  Time since last request: 0.000050 seconds.
  path: Assets/models/Builders/Assembler_from_blender/Materials/Material.002.mat
  artifactKey: Guid(ef00c753c0eb3414ebb09bf79629cc5d) Importer(815301076,1909f56bfc062723c751e8b465ee728b)
Start importing Assets/models/Builders/Assembler_from_blender/Materials/Material.002.mat using Guid(ef00c753c0eb3414ebb09bf79629cc5d) Importer(815301076,1909f56bfc062723c751e8b465ee728b) (PreviewImporter) -> (artifact id: '3177f09b3b7ff675c40fee252ed203a3') in 0.0261119 seconds
Number of updated asset objects reloaded before import = 0Number of asset objects unloaded after import = 1

========================================================================
Received Import Request.
  Time since last request: 0.000044 seconds.
  path: Assets/models/Builders/Assembler_from_blender/Materials/Без имени.mat
  artifactKey: Guid(391d6028d140f2a45b17d4207a86db01) Importer(815301076,1909f56bfc062723c751e8b465ee728b)
Start importing Assets/models/Builders/Assembler_from_blender/Materials/Без имени.mat using Guid(391d6028d140f2a45b17d4207a86db01) Importer(815301076,1909f56bfc062723c751e8b465ee728b) (PreviewImporter) -> (artifact id: '5257263eea7618ea6f4b0eb3c2cc6342') in 0.0216973 seconds
Number of updated asset objects reloaded before import = 0Number of asset objects unloaded after import = 2

========================================================================
Received Import Request.
  Time since last request: 0.000215 seconds.
  path: Assets/models/Builders/Assembler_Mode.prefab
  artifactKey: Guid(a4a639d0ea873f94caf351456ba0a6a1) Importer(815301076,1909f56bfc062723c751e8b465ee728b)
Start importing Assets/models/Builders/Assembler_Mode.prefab using Guid(a4a639d0ea873f94caf351456ba0a6a1) Importer(815301076,1909f56bfc062723c751e8b465ee728b) (PreviewImporter) -> (artifact id: 'e768d9b9c5f061d1b93225d43dc7b932') in 0.0274925 seconds
Number of updated asset objects reloaded before import = 0Number of asset objects unloaded after import = 86

Editor requested this worker to shutdown with reason: Scaling down because of idle timeout
AssetImportWorker is now disconnected from the server
Process exiting
Exiting without the bug reporter. Application will terminate with return code 0